<?xml version="1.0" encoding="ISO-8859-1" ?>
<link_info>
   <banner>TI ARM Linker PC v18.12.2.LTS</banner>
   <copyright>Copyright (c) 1996-2018 Texas Instruments Incorporated</copyright>
   <link_time>0x5f3ad77a</link_time>
   <link_errors>0x0</link_errors>
   <output_file>Yerpers.out</output_file>
   <entry_point>
      <name>_c_int00_noargs</name>
      <address>0x1a3ed</address>
   </entry_point>
   <input_file_list>
      <input_file id="fl-2">
         <path>.\</path>
         <kind>object</kind>
         <file>Game.obj</file>
         <name>Game.obj</name>
      </input_file>
      <input_file id="fl-3">
         <path>.\</path>
         <kind>object</kind>
         <file>LCDLib.obj</file>
         <name>LCDLib.obj</name>
      </input_file>
      <input_file id="fl-4">
         <path>.\</path>
         <kind>object</kind>
         <file>main.obj</file>
         <name>main.obj</name>
      </input_file>
      <input_file id="fl-5">
         <path>.\</path>
         <kind>object</kind>
         <file>startup_msp432p401r_ccs.obj</file>
         <name>startup_msp432p401r_ccs.obj</name>
      </input_file>
      <input_file id="fl-6">
         <path>.\</path>
         <kind>object</kind>
         <file>system_msp432p401r.obj</file>
         <name>system_msp432p401r.obj</name>
      </input_file>
      <input_file id="fl-7">
         <path>.\BoardSupportPackage\src\</path>
         <kind>object</kind>
         <file>AsciiLib.obj</file>
         <name>AsciiLib.obj</name>
      </input_file>
      <input_file id="fl-8">
         <path>.\BoardSupportPackage\src\</path>
         <kind>object</kind>
         <file>BSP.obj</file>
         <name>BSP.obj</name>
      </input_file>
      <input_file id="fl-9">
         <path>.\BoardSupportPackage\src\</path>
         <kind>object</kind>
         <file>BackChannelUart.obj</file>
         <name>BackChannelUart.obj</name>
      </input_file>
      <input_file id="fl-a">
         <path>.\BoardSupportPackage\src\</path>
         <kind>object</kind>
         <file>ClockSys.obj</file>
         <name>ClockSys.obj</name>
      </input_file>
      <input_file id="fl-b">
         <path>.\BoardSupportPackage\src\</path>
         <kind>object</kind>
         <file>Joystick.obj</file>
         <name>Joystick.obj</name>
      </input_file>
      <input_file id="fl-c">
         <path>.\BoardSupportPackage\src\</path>
         <kind>object</kind>
         <file>RGBLeds.obj</file>
         <name>RGBLeds.obj</name>
      </input_file>
      <input_file id="fl-d">
         <path>.\BoardSupportPackage\src\</path>
         <kind>object</kind>
         <file>bme280.obj</file>
         <name>bme280.obj</name>
      </input_file>
      <input_file id="fl-e">
         <path>.\BoardSupportPackage\src\</path>
         <kind>object</kind>
         <file>bme280_support.obj</file>
         <name>bme280_support.obj</name>
      </input_file>
      <input_file id="fl-f">
         <path>.\BoardSupportPackage\src\</path>
         <kind>object</kind>
         <file>bmi160.obj</file>
         <name>bmi160.obj</name>
      </input_file>
      <input_file id="fl-10">
         <path>.\BoardSupportPackage\src\</path>
         <kind>object</kind>
         <file>bmi160_support.obj</file>
         <name>bmi160_support.obj</name>
      </input_file>
      <input_file id="fl-11">
         <path>.\BoardSupportPackage\src\</path>
         <kind>object</kind>
         <file>demo_sysctl.obj</file>
         <name>demo_sysctl.obj</name>
      </input_file>
      <input_file id="fl-12">
         <path>.\BoardSupportPackage\src\</path>
         <kind>object</kind>
         <file>i2c_driver.obj</file>
         <name>i2c_driver.obj</name>
      </input_file>
      <input_file id="fl-13">
         <path>.\BoardSupportPackage\src\</path>
         <kind>object</kind>
         <file>opt3001.obj</file>
         <name>opt3001.obj</name>
      </input_file>
      <input_file id="fl-14">
         <path>.\BoardSupportPackage\src\</path>
         <kind>object</kind>
         <file>tmp007.obj</file>
         <name>tmp007.obj</name>
      </input_file>
      <input_file id="fl-15">
         <path>.\CC3100SupportPackage\board\</path>
         <kind>object</kind>
         <file>board.obj</file>
         <name>board.obj</name>
      </input_file>
      <input_file id="fl-16">
         <path>.\CC3100SupportPackage\cc3100_usage\</path>
         <kind>object</kind>
         <file>cc3100_usage.obj</file>
         <name>cc3100_usage.obj</name>
      </input_file>
      <input_file id="fl-17">
         <path>.\CC3100SupportPackage\simplelink\source\</path>
         <kind>object</kind>
         <file>device.obj</file>
         <name>device.obj</name>
      </input_file>
      <input_file id="fl-18">
         <path>.\CC3100SupportPackage\simplelink\source\</path>
         <kind>object</kind>
         <file>driver.obj</file>
         <name>driver.obj</name>
      </input_file>
      <input_file id="fl-19">
         <path>.\CC3100SupportPackage\simplelink\source\</path>
         <kind>object</kind>
         <file>flowcont.obj</file>
         <name>flowcont.obj</name>
      </input_file>
      <input_file id="fl-1a">
         <path>.\CC3100SupportPackage\simplelink\source\</path>
         <kind>object</kind>
         <file>fs.obj</file>
         <name>fs.obj</name>
      </input_file>
      <input_file id="fl-1b">
         <path>.\CC3100SupportPackage\simplelink\source\</path>
         <kind>object</kind>
         <file>netapp.obj</file>
         <name>netapp.obj</name>
      </input_file>
      <input_file id="fl-1c">
         <path>.\CC3100SupportPackage\simplelink\source\</path>
         <kind>object</kind>
         <file>netcfg.obj</file>
         <name>netcfg.obj</name>
      </input_file>
      <input_file id="fl-1d">
         <path>.\CC3100SupportPackage\simplelink\source\</path>
         <kind>object</kind>
         <file>nonos.obj</file>
         <name>nonos.obj</name>
      </input_file>
      <input_file id="fl-1e">
         <path>.\CC3100SupportPackage\simplelink\source\</path>
         <kind>object</kind>
         <file>socket.obj</file>
         <name>socket.obj</name>
      </input_file>
      <input_file id="fl-1f">
         <path>.\CC3100SupportPackage\simplelink\source\</path>
         <kind>object</kind>
         <file>spawn.obj</file>
         <name>spawn.obj</name>
      </input_file>
      <input_file id="fl-20">
         <path>.\CC3100SupportPackage\simplelink\source\</path>
         <kind>object</kind>
         <file>wlan.obj</file>
         <name>wlan.obj</name>
      </input_file>
      <input_file id="fl-21">
         <path>.\CC3100SupportPackage\spi_cc3100\</path>
         <kind>object</kind>
         <file>spi_cc3100.obj</file>
         <name>spi_cc3100.obj</name>
      </input_file>
      <input_file id="fl-22">
         <path>.\G8RTOS\</path>
         <kind>object</kind>
         <file>G8RTOS_CriticalSection.obj</file>
         <name>G8RTOS_CriticalSection.obj</name>
      </input_file>
      <input_file id="fl-23">
         <path>.\G8RTOS\</path>
         <kind>object</kind>
         <file>G8RTOS_IPC.obj</file>
         <name>G8RTOS_IPC.obj</name>
      </input_file>
      <input_file id="fl-24">
         <path>.\G8RTOS\</path>
         <kind>object</kind>
         <file>G8RTOS_Scheduler.obj</file>
         <name>G8RTOS_Scheduler.obj</name>
      </input_file>
      <input_file id="fl-25">
         <path>.\G8RTOS\</path>
         <kind>object</kind>
         <file>G8RTOS_SchedulerASM.obj</file>
         <name>G8RTOS_SchedulerASM.obj</name>
      </input_file>
      <input_file id="fl-26">
         <path>.\G8RTOS\</path>
         <kind>object</kind>
         <file>G8RTOS_Semaphores.obj</file>
         <name>G8RTOS_Semaphores.obj</name>
      </input_file>
      <input_file id="fl-2b">
         <kind>object</kind>
         <file>&lt;internal&gt;</file>
         <name>&lt;internal&gt;</name>
      </input_file>
      <input_file id="fl-2c">
         <path>..\BoardSupportPackage\DriverLib\</path>
         <kind>archive</kind>
         <file>msp432p4xx_driverlib.lib</file>
         <name>cs.o</name>
      </input_file>
      <input_file id="fl-2d">
         <path>..\BoardSupportPackage\DriverLib\</path>
         <kind>archive</kind>
         <file>msp432p4xx_driverlib.lib</file>
         <name>flash.o</name>
      </input_file>
      <input_file id="fl-2e">
         <path>..\BoardSupportPackage\DriverLib\</path>
         <kind>archive</kind>
         <file>msp432p4xx_driverlib.lib</file>
         <name>gpio.o</name>
      </input_file>
      <input_file id="fl-2f">
         <path>..\BoardSupportPackage\DriverLib\</path>
         <kind>archive</kind>
         <file>msp432p4xx_driverlib.lib</file>
         <name>i2c.o</name>
      </input_file>
      <input_file id="fl-30">
         <path>..\BoardSupportPackage\DriverLib\</path>
         <kind>archive</kind>
         <file>msp432p4xx_driverlib.lib</file>
         <name>interrupt.o</name>
      </input_file>
      <input_file id="fl-31">
         <path>..\BoardSupportPackage\DriverLib\</path>
         <kind>archive</kind>
         <file>msp432p4xx_driverlib.lib</file>
         <name>pcm.o</name>
      </input_file>
      <input_file id="fl-32">
         <path>..\BoardSupportPackage\DriverLib\</path>
         <kind>archive</kind>
         <file>msp432p4xx_driverlib.lib</file>
         <name>rtc_c.o</name>
      </input_file>
      <input_file id="fl-33">
         <path>..\BoardSupportPackage\DriverLib\</path>
         <kind>archive</kind>
         <file>msp432p4xx_driverlib.lib</file>
         <name>spi.o</name>
      </input_file>
      <input_file id="fl-34">
         <path>..\BoardSupportPackage\DriverLib\</path>
         <kind>archive</kind>
         <file>msp432p4xx_driverlib.lib</file>
         <name>sysctl.o</name>
      </input_file>
      <input_file id="fl-35">
         <path>..\BoardSupportPackage\DriverLib\</path>
         <kind>archive</kind>
         <file>msp432p4xx_driverlib.lib</file>
         <name>systick.o</name>
      </input_file>
      <input_file id="fl-36">
         <path>..\BoardSupportPackage\DriverLib\</path>
         <kind>archive</kind>
         <file>msp432p4xx_driverlib.lib</file>
         <name>uart.o</name>
      </input_file>
      <input_file id="fl-37">
         <path>..\BoardSupportPackage\DriverLib\</path>
         <kind>archive</kind>
         <file>msp432p4xx_driverlib.lib</file>
         <name>wdt_a.o</name>
      </input_file>
      <input_file id="fl-38">
         <path>..\BoardSupportPackage\DriverLib\</path>
         <kind>archive</kind>
         <file>msp432p4xx_driverlib.lib</file>
         <name>cpu.o</name>
      </input_file>
      <input_file id="fl-ee">
         <path>C:\ti\ccs910\ccs\tools\compiler\ti-cgt-arm_18.12.2.LTS\lib\</path>
         <kind>archive</kind>
         <file>rtsv7M4_T_le_v4SPD16_eabi.lib</file>
         <name>snprintf.c.obj</name>
      </input_file>
      <input_file id="fl-ef">
         <path>C:\ti\ccs910\ccs\tools\compiler\ti-cgt-arm_18.12.2.LTS\lib\</path>
         <kind>archive</kind>
         <file>rtsv7M4_T_le_v4SPD16_eabi.lib</file>
         <name>ll_div_t2.asm.obj</name>
      </input_file>
      <input_file id="fl-f0">
         <path>C:\ti\ccs910\ccs\tools\compiler\ti-cgt-arm_18.12.2.LTS\lib\</path>
         <kind>archive</kind>
         <file>rtsv7M4_T_le_v4SPD16_eabi.lib</file>
         <name>ull_div_t2.asm.obj</name>
      </input_file>
      <input_file id="fl-f1">
         <path>C:\ti\ccs910\ccs\tools\compiler\ti-cgt-arm_18.12.2.LTS\lib\</path>
         <kind>archive</kind>
         <file>rtsv7M4_T_le_v4SPD16_eabi.lib</file>
         <name>memset_t2.asm.obj</name>
      </input_file>
      <input_file id="fl-f2">
         <path>C:\ti\ccs910\ccs\tools\compiler\ti-cgt-arm_18.12.2.LTS\lib\</path>
         <kind>archive</kind>
         <file>rtsv7M4_T_le_v4SPD16_eabi.lib</file>
         <name>ll_mul_t2.asm.obj</name>
      </input_file>
      <input_file id="fl-f3">
         <path>C:\ti\ccs910\ccs\tools\compiler\ti-cgt-arm_18.12.2.LTS\lib\</path>
         <kind>archive</kind>
         <file>rtsv7M4_T_le_v4SPD16_eabi.lib</file>
         <name>memcpy_t2.asm.obj</name>
      </input_file>
      <input_file id="fl-f4">
         <path>C:\ti\ccs910\ccs\tools\compiler\ti-cgt-arm_18.12.2.LTS\lib\</path>
         <kind>archive</kind>
         <file>rtsv7M4_T_le_v4SPD16_eabi.lib</file>
         <name>copy_zero_init.c.obj</name>
      </input_file>
      <input_file id="fl-f5">
         <path>C:\ti\ccs910\ccs\tools\compiler\ti-cgt-arm_18.12.2.LTS\lib\</path>
         <kind>archive</kind>
         <file>rtsv7M4_T_le_v4SPD16_eabi.lib</file>
         <name>copy_decompress_none.c.obj</name>
      </input_file>
      <input_file id="fl-f6">
         <path>C:\ti\ccs910\ccs\tools\compiler\ti-cgt-arm_18.12.2.LTS\lib\</path>
         <kind>archive</kind>
         <file>rtsv7M4_T_le_v4SPD16_eabi.lib</file>
         <name>copy_decompress_lzss.c.obj</name>
      </input_file>
      <input_file id="fl-f7">
         <path>C:\ti\ccs910\ccs\tools\compiler\ti-cgt-arm_18.12.2.LTS\lib\</path>
         <kind>archive</kind>
         <file>rtsv7M4_T_le_v4SPD16_eabi.lib</file>
         <name>strlen.c.obj</name>
      </input_file>
      <input_file id="fl-f8">
         <path>C:\ti\ccs910\ccs\tools\compiler\ti-cgt-arm_18.12.2.LTS\lib\</path>
         <kind>archive</kind>
         <file>rtsv7M4_T_le_v4SPD16_eabi.lib</file>
         <name>boot_cortex_m.c.obj</name>
      </input_file>
      <input_file id="fl-f9">
         <path>C:\ti\ccs910\ccs\tools\compiler\ti-cgt-arm_18.12.2.LTS\lib\</path>
         <kind>archive</kind>
         <file>rtsv7M4_T_le_v4SPD16_eabi.lib</file>
         <name>_printfi.c.obj</name>
      </input_file>
      <input_file id="fl-fa">
         <path>C:\ti\ccs910\ccs\tools\compiler\ti-cgt-arm_18.12.2.LTS\lib\</path>
         <kind>archive</kind>
         <file>rtsv7M4_T_le_v4SPD16_eabi.lib</file>
         <name>s_frexp.c.obj</name>
      </input_file>
      <input_file id="fl-fb">
         <path>C:\ti\ccs910\ccs\tools\compiler\ti-cgt-arm_18.12.2.LTS\lib\</path>
         <kind>archive</kind>
         <file>rtsv7M4_T_le_v4SPD16_eabi.lib</file>
         <name>s_scalbn.c.obj</name>
      </input_file>
      <input_file id="fl-fc">
         <path>C:\ti\ccs910\ccs\tools\compiler\ti-cgt-arm_18.12.2.LTS\lib\</path>
         <kind>archive</kind>
         <file>rtsv7M4_T_le_v4SPD16_eabi.lib</file>
         <name>div0.asm.obj</name>
      </input_file>
      <input_file id="fl-fd">
         <path>C:\ti\ccs910\ccs\tools\compiler\ti-cgt-arm_18.12.2.LTS\lib\</path>
         <kind>archive</kind>
         <file>rtsv7M4_T_le_v4SPD16_eabi.lib</file>
         <name>fd_add_t2.asm.obj</name>
      </input_file>
      <input_file id="fl-fe">
         <path>C:\ti\ccs910\ccs\tools\compiler\ti-cgt-arm_18.12.2.LTS\lib\</path>
         <kind>archive</kind>
         <file>rtsv7M4_T_le_v4SPD16_eabi.lib</file>
         <name>fd_cmp_t2.asm.obj</name>
      </input_file>
      <input_file id="fl-ff">
         <path>C:\ti\ccs910\ccs\tools\compiler\ti-cgt-arm_18.12.2.LTS\lib\</path>
         <kind>archive</kind>
         <file>rtsv7M4_T_le_v4SPD16_eabi.lib</file>
         <name>fd_div_t2.asm.obj</name>
      </input_file>
      <input_file id="fl-100">
         <path>C:\ti\ccs910\ccs\tools\compiler\ti-cgt-arm_18.12.2.LTS\lib\</path>
         <kind>archive</kind>
         <file>rtsv7M4_T_le_v4SPD16_eabi.lib</file>
         <name>fd_mul_t2.asm.obj</name>
      </input_file>
      <input_file id="fl-101">
         <path>C:\ti\ccs910\ccs\tools\compiler\ti-cgt-arm_18.12.2.LTS\lib\</path>
         <kind>archive</kind>
         <file>rtsv7M4_T_le_v4SPD16_eabi.lib</file>
         <name>fd_toi_t2.asm.obj</name>
      </input_file>
      <input_file id="fl-102">
         <path>C:\ti\ccs910\ccs\tools\compiler\ti-cgt-arm_18.12.2.LTS\lib\</path>
         <kind>archive</kind>
         <file>rtsv7M4_T_le_v4SPD16_eabi.lib</file>
         <name>i_tofd_t2.asm.obj</name>
      </input_file>
      <input_file id="fl-103">
         <path>C:\ti\ccs910\ccs\tools\compiler\ti-cgt-arm_18.12.2.LTS\lib\</path>
         <kind>archive</kind>
         <file>rtsv7M4_T_le_v4SPD16_eabi.lib</file>
         <name>autoinit.c.obj</name>
      </input_file>
      <input_file id="fl-104">
         <path>C:\ti\ccs910\ccs\tools\compiler\ti-cgt-arm_18.12.2.LTS\lib\</path>
         <kind>archive</kind>
         <file>rtsv7M4_T_le_v4SPD16_eabi.lib</file>
         <name>pre_init.c.obj</name>
      </input_file>
      <input_file id="fl-105">
         <path>C:\ti\ccs910\ccs\tools\compiler\ti-cgt-arm_18.12.2.LTS\lib\</path>
         <kind>archive</kind>
         <file>rtsv7M4_T_le_v4SPD16_eabi.lib</file>
         <name>cpy_tbl.c.obj</name>
      </input_file>
      <input_file id="fl-106">
         <path>C:\ti\ccs910\ccs\tools\compiler\ti-cgt-arm_18.12.2.LTS\lib\</path>
         <kind>archive</kind>
         <file>rtsv7M4_T_le_v4SPD16_eabi.lib</file>
         <name>exit.c.obj</name>
      </input_file>
      <input_file id="fl-107">
         <path>C:\ti\ccs910\ccs\tools\compiler\ti-cgt-arm_18.12.2.LTS\lib\</path>
         <kind>archive</kind>
         <file>rtsv7M4_T_le_v4SPD16_eabi.lib</file>
         <name>_lock.c.obj</name>
      </input_file>
      <input_file id="fl-108">
         <path>C:\ti\ccs910\ccs\tools\compiler\ti-cgt-arm_18.12.2.LTS\lib\</path>
         <kind>archive</kind>
         <file>rtsv7M4_T_le_v4SPD16_eabi.lib</file>
         <name>args_main.c.obj</name>
      </input_file>
      <input_file id="fl-109">
         <path>C:\ti\ccs910\ccs\tools\compiler\ti-cgt-arm_18.12.2.LTS\lib\</path>
         <kind>archive</kind>
         <file>rtsv7M4_T_le_v4SPD16_eabi.lib</file>
         <name>atoi.c.obj</name>
      </input_file>
      <input_file id="fl-10a">
         <path>C:\ti\ccs910\ccs\tools\compiler\ti-cgt-arm_18.12.2.LTS\lib\</path>
         <kind>archive</kind>
         <file>rtsv7M4_T_le_v4SPD16_eabi.lib</file>
         <name>ctype.c.obj</name>
      </input_file>
      <input_file id="fl-10b">
         <path>C:\ti\ccs910\ccs\tools\compiler\ti-cgt-arm_18.12.2.LTS\lib\</path>
         <kind>archive</kind>
         <file>rtsv7M4_T_le_v4SPD16_eabi.lib</file>
         <name>ltoa.c.obj</name>
      </input_file>
      <input_file id="fl-10c">
         <path>C:\ti\ccs910\ccs\tools\compiler\ti-cgt-arm_18.12.2.LTS\lib\</path>
         <kind>archive</kind>
         <file>rtsv7M4_T_le_v4SPD16_eabi.lib</file>
         <name>memccpy.c.obj</name>
      </input_file>
      <input_file id="fl-10d">
         <path>C:\ti\ccs910\ccs\tools\compiler\ti-cgt-arm_18.12.2.LTS\lib\</path>
         <kind>archive</kind>
         <file>rtsv7M4_T_le_v4SPD16_eabi.lib</file>
         <name>strchr.c.obj</name>
      </input_file>
      <input_file id="fl-10e">
         <path>C:\ti\ccs910\ccs\tools\compiler\ti-cgt-arm_18.12.2.LTS\lib\</path>
         <kind>archive</kind>
         <file>rtsv7M4_T_le_v4SPD16_eabi.lib</file>
         <name>errno.c.obj</name>
      </input_file>
      <input_file id="fl-10f">
         <path>C:\ti\ccs910\ccs\tools\compiler\ti-cgt-arm_18.12.2.LTS\lib\</path>
         <kind>archive</kind>
         <file>rtsv7M4_T_le_v4SPD16_eabi.lib</file>
         <name>wcslen.c.obj</name>
      </input_file>
      <input_file id="fl-110">
         <path>C:\ti\ccs910\ccs\tools\compiler\ti-cgt-arm_18.12.2.LTS\lib\</path>
         <kind>archive</kind>
         <file>rtsv7M4_T_le_v4SPD16_eabi.lib</file>
         <name>s_copysign.c.obj</name>
      </input_file>
   </input_file_list>
   <object_component_list>
      <object_component id="oc-23">
         <name>.intvecs:retain</name>
         <load_address>0x0</load_address>
         <run_address>0x0</run_address>
         <size>0xe4</size>
         <input_file_ref idref="fl-5"/>
      </object_component>
      <object_component id="oc-38a">
         <name>.text</name>
         <load_address>0xe4</load_address>
         <run_address>0xe4</run_address>
         <size>0xd5e0</size>
         <input_file_ref idref="fl-f"/>
      </object_component>
      <object_component id="oc-605">
         <name>.text</name>
         <load_address>0xd6c4</load_address>
         <run_address>0xd6c4</run_address>
         <size>0x2024</size>
         <input_file_ref idref="fl-18"/>
      </object_component>
      <object_component id="oc-3aa">
         <name>.text</name>
         <load_address>0xf6e8</load_address>
         <run_address>0xf6e8</run_address>
         <size>0x1810</size>
         <input_file_ref idref="fl-d"/>
      </object_component>
      <object_component id="oc-496">
         <name>.text</name>
         <load_address>0x10ef8</load_address>
         <run_address>0x10ef8</run_address>
         <size>0xed4</size>
         <input_file_ref idref="fl-1e"/>
      </object_component>
      <object_component id="oc-250">
         <name>.text</name>
         <load_address>0x11dcc</load_address>
         <run_address>0x11dcc</run_address>
         <size>0xc28</size>
         <input_file_ref idref="fl-10"/>
      </object_component>
      <object_component id="oc-4b7">
         <name>.text</name>
         <load_address>0x129f4</load_address>
         <run_address>0x129f4</run_address>
         <size>0xb44</size>
         <input_file_ref idref="fl-1b"/>
      </object_component>
      <object_component id="oc-4ab">
         <name>.text</name>
         <load_address>0x13538</load_address>
         <run_address>0x13538</run_address>
         <size>0xac0</size>
         <input_file_ref idref="fl-20"/>
      </object_component>
      <object_component id="oc-554">
         <name>.text:__TI_printfi</name>
         <load_address>0x13ff8</load_address>
         <run_address>0x13ff8</run_address>
         <size>0xa4e</size>
         <input_file_ref idref="fl-f9"/>
      </object_component>
      <object_component id="oc-710">
         <name>.text</name>
         <load_address>0x14a46</load_address>
         <run_address>0x14a46</run_address>
         <size>0x2</size>
         <input_file_ref idref="fl-fc"/>
      </object_component>
      <object_component id="oc-6f">
         <name>.text</name>
         <load_address>0x14a48</load_address>
         <run_address>0x14a48</run_address>
         <size>0x9b0</size>
         <input_file_ref idref="fl-24"/>
      </object_component>
      <object_component id="oc-352">
         <name>.text</name>
         <load_address>0x153f8</load_address>
         <run_address>0x153f8</run_address>
         <size>0x68c</size>
         <input_file_ref idref="fl-16"/>
      </object_component>
      <object_component id="oc-1d0">
         <name>.text</name>
         <load_address>0x15a84</load_address>
         <run_address>0x15a84</run_address>
         <size>0x5e0</size>
         <input_file_ref idref="fl-3"/>
      </object_component>
      <object_component id="oc-49f">
         <name>.text</name>
         <load_address>0x16064</load_address>
         <run_address>0x16064</run_address>
         <size>0x5b8</size>
         <input_file_ref idref="fl-17"/>
      </object_component>
      <object_component id="oc-7b">
         <name>.text</name>
         <load_address>0x1661c</load_address>
         <run_address>0x1661c</run_address>
         <size>0x360</size>
         <input_file_ref idref="fl-12"/>
      </object_component>
      <object_component id="oc-75">
         <name>.text</name>
         <load_address>0x1697c</load_address>
         <run_address>0x1697c</run_address>
         <size>0x350</size>
         <input_file_ref idref="fl-15"/>
      </object_component>
      <object_component id="oc-b9">
         <name>.text</name>
         <load_address>0x16ccc</load_address>
         <run_address>0x16ccc</run_address>
         <size>0x334</size>
         <input_file_ref idref="fl-6"/>
      </object_component>
      <object_component id="oc-25c">
         <name>.text</name>
         <load_address>0x17000</load_address>
         <run_address>0x17000</run_address>
         <size>0x2e0</size>
         <input_file_ref idref="fl-e"/>
      </object_component>
      <object_component id="oc-262">
         <name>.text</name>
         <load_address>0x172e0</load_address>
         <run_address>0x172e0</run_address>
         <size>0x2cc</size>
         <input_file_ref idref="fl-9"/>
      </object_component>
      <object_component id="oc-747">
         <name>.text:_pconv_a</name>
         <load_address>0x175ac</load_address>
         <run_address>0x175ac</run_address>
         <size>0x270</size>
         <input_file_ref idref="fl-f9"/>
      </object_component>
      <object_component id="oc-24a">
         <name>.text</name>
         <load_address>0x1781c</load_address>
         <run_address>0x1781c</run_address>
         <size>0x234</size>
         <input_file_ref idref="fl-14"/>
      </object_component>
      <object_component id="oc-64d">
         <name>.text</name>
         <load_address>0x17a50</load_address>
         <run_address>0x17a50</run_address>
         <size>0x210</size>
         <input_file_ref idref="fl-21"/>
      </object_component>
      <object_component id="oc-735">
         <name>.text:_pconv_g</name>
         <load_address>0x17c60</load_address>
         <run_address>0x17c60</run_address>
         <size>0x1d0</size>
         <input_file_ref idref="fl-f9"/>
      </object_component>
      <object_component id="oc-843">
         <name>.text</name>
         <load_address>0x17e30</load_address>
         <run_address>0x17e30</run_address>
         <size>0x1b6</size>
         <input_file_ref idref="fl-fd"/>
      </object_component>
      <object_component id="oc-268">
         <name>.text</name>
         <load_address>0x17fe8</load_address>
         <run_address>0x17fe8</run_address>
         <size>0x1ac</size>
         <input_file_ref idref="fl-c"/>
      </object_component>
      <object_component id="oc-2b4">
         <name>.text:__PCM_setPowerStateAdvanced</name>
         <load_address>0x18194</load_address>
         <run_address>0x18194</run_address>
         <size>0x1a0</size>
         <input_file_ref idref="fl-31"/>
      </object_component>
      <object_component id="oc-1d6">
         <name>.text</name>
         <load_address>0x18334</load_address>
         <run_address>0x18334</run_address>
         <size>0x17c</size>
         <input_file_ref idref="fl-2"/>
      </object_component>
      <object_component id="oc-256">
         <name>.text</name>
         <load_address>0x184b0</load_address>
         <run_address>0x184b0</run_address>
         <size>0x178</size>
         <input_file_ref idref="fl-b"/>
      </object_component>
      <object_component id="oc-741">
         <name>.text:_pconv_e</name>
         <load_address>0x18628</load_address>
         <run_address>0x18628</run_address>
         <size>0x13c</size>
         <input_file_ref idref="fl-f9"/>
      </object_component>
      <object_component id="oc-829">
         <name>.text</name>
         <load_address>0x18764</load_address>
         <run_address>0x18764</run_address>
         <size>0x136</size>
         <input_file_ref idref="fl-ff"/>
      </object_component>
      <object_component id="oc-4a5">
         <name>.text</name>
         <load_address>0x1889c</load_address>
         <run_address>0x1889c</run_address>
         <size>0x130</size>
         <input_file_ref idref="fl-1d"/>
      </object_component>
      <object_component id="oc-855">
         <name>.text:fcvt</name>
         <load_address>0x189cc</load_address>
         <run_address>0x189cc</run_address>
         <size>0x124</size>
         <input_file_ref idref="fl-f9"/>
      </object_component>
      <object_component id="oc-4b1">
         <name>.text</name>
         <load_address>0x18af0</load_address>
         <run_address>0x18af0</run_address>
         <size>0x110</size>
         <input_file_ref idref="fl-1c"/>
      </object_component>
      <object_component id="oc-869">
         <name>.text:scalbn</name>
         <load_address>0x18c00</load_address>
         <run_address>0x18c00</run_address>
         <size>0x110</size>
         <input_file_ref idref="fl-fb"/>
      </object_component>
      <object_component id="oc-442">
         <name>.text:CS_getDCOFrequency</name>
         <load_address>0x18d10</load_address>
         <run_address>0x18d10</run_address>
         <size>0x104</size>
         <input_file_ref idref="fl-2c"/>
      </object_component>
      <object_component id="oc-244">
         <name>.text</name>
         <load_address>0x18e14</load_address>
         <run_address>0x18e14</run_address>
         <size>0xfe</size>
         <input_file_ref idref="fl-13"/>
      </object_component>
      <object_component id="oc-824">
         <name>.text</name>
         <load_address>0x18f12</load_address>
         <run_address>0x18f12</run_address>
         <size>0xfc</size>
         <input_file_ref idref="fl-100"/>
      </object_component>
      <object_component id="oc-135">
         <name>.text:CS_initClockSignal</name>
         <load_address>0x19010</load_address>
         <run_address>0x19010</run_address>
         <size>0xe0</size>
         <input_file_ref idref="fl-2c"/>
      </object_component>
      <object_component id="oc-42e">
         <name>.text:__PCM_setPowerModeAdvanced</name>
         <load_address>0x190f0</load_address>
         <run_address>0x190f0</run_address>
         <size>0xdc</size>
         <input_file_ref idref="fl-31"/>
      </object_component>
      <object_component id="oc-72a">
         <name>.text:_ltostr</name>
         <load_address>0x191cc</load_address>
         <run_address>0x191cc</run_address>
         <size>0xb1</size>
         <input_file_ref idref="fl-f9"/>
      </object_component>
      <object_component id="oc-3dd">
         <name>.text:__PCM_setCoreVoltageLevelAdvanced</name>
         <load_address>0x19280</load_address>
         <run_address>0x19280</run_address>
         <size>0xb0</size>
         <input_file_ref idref="fl-31"/>
      </object_component>
      <object_component id="oc-333">
         <name>.text:PutChar</name>
         <load_address>0x19330</load_address>
         <run_address>0x19330</run_address>
         <size>0xa4</size>
         <input_file_ref idref="fl-3"/>
      </object_component>
      <object_component id="oc-3e4">
         <name>.text:CS_startHFXTWithTimeout</name>
         <load_address>0x193d4</load_address>
         <run_address>0x193d4</run_address>
         <size>0x9c</size>
         <input_file_ref idref="fl-2c"/>
      </object_component>
      <object_component id="oc-2cb">
         <name>.text:_CSComputeCLKFrequency</name>
         <load_address>0x19470</load_address>
         <run_address>0x19470</run_address>
         <size>0x9c</size>
         <input_file_ref idref="fl-2c"/>
      </object_component>
      <object_component id="oc-34">
         <name>.text</name>
         <load_address>0x1950c</load_address>
         <run_address>0x1950c</run_address>
         <size>0x9c</size>
         <input_file_ref idref="fl-f3"/>
      </object_component>
      <object_component id="oc-715">
         <name>.text</name>
         <load_address>0x195a8</load_address>
         <run_address>0x195a8</run_address>
         <size>0x96</size>
         <input_file_ref idref="fl-f0"/>
      </object_component>
      <object_component id="oc-3bd">
         <name>.text:UART_initModule</name>
         <load_address>0x19640</load_address>
         <run_address>0x19640</run_address>
         <size>0x94</size>
         <input_file_ref idref="fl-36"/>
      </object_component>
      <object_component id="oc-2f8">
         <name>.text:SPI_initMaster</name>
         <load_address>0x196d4</load_address>
         <run_address>0x196d4</run_address>
         <size>0x88</size>
         <input_file_ref idref="fl-33"/>
      </object_component>
      <object_component id="oc-730">
         <name>.text:__aeabi_cdcmple</name>
         <load_address>0x1975c</load_address>
         <run_address>0x1975c</run_address>
         <size>0x86</size>
         <input_file_ref idref="fl-fe"/>
      </object_component>
      <object_component id="oc-82e">
         <name>.text:__aeabi_cdrcmple</name>
         <load_address>0x197e2</load_address>
         <run_address>0x197e2</run_address>
         <size>0x86</size>
         <input_file_ref idref="fl-fe"/>
      </object_component>
      <object_component id="oc-d2">
         <name>.text</name>
         <load_address>0x19868</load_address>
         <run_address>0x19868</run_address>
         <size>0x84</size>
         <input_file_ref idref="fl-a"/>
      </object_component>
      <object_component id="oc-783">
         <name>.text</name>
         <load_address>0x198ec</load_address>
         <run_address>0x198ec</run_address>
         <size>0x80</size>
         <input_file_ref idref="fl-19"/>
      </object_component>
      <object_component id="oc-41c">
         <name>.text:PCM_gotoLPM3</name>
         <load_address>0x1996c</load_address>
         <run_address>0x1996c</run_address>
         <size>0x7c</size>
         <input_file_ref idref="fl-31"/>
      </object_component>
      <object_component id="oc-9b">
         <name>.text</name>
         <load_address>0x199e8</load_address>
         <run_address>0x199e8</run_address>
         <size>0x7a</size>
         <input_file_ref idref="fl-f1"/>
      </object_component>
      <object_component id="oc-5ab">
         <name>.text:_CSGetHFXTFrequency</name>
         <load_address>0x19a64</load_address>
         <run_address>0x19a64</run_address>
         <size>0x70</size>
         <input_file_ref idref="fl-2c"/>
      </object_component>
      <object_component id="oc-84e">
         <name>.text:_mcpy</name>
         <load_address>0x19ad4</load_address>
         <run_address>0x19ad4</run_address>
         <size>0x6e</size>
         <input_file_ref idref="fl-f9"/>
      </object_component>
      <object_component id="oc-540">
         <name>.text</name>
         <load_address>0x19b42</load_address>
         <run_address>0x19b42</run_address>
         <size>0x6e</size>
         <input_file_ref idref="fl-ef"/>
      </object_component>
      <object_component id="oc-14">
         <name>.text:decompress:lzss:__TI_decompress_lzss</name>
         <load_address>0x19bb0</load_address>
         <run_address>0x19bb0</run_address>
         <size>0x68</size>
         <input_file_ref idref="fl-f6"/>
      </object_component>
      <object_component id="oc-111">
         <name>.text:Interrupt_disableInterrupt</name>
         <load_address>0x19c18</load_address>
         <run_address>0x19c18</run_address>
         <size>0x64</size>
         <input_file_ref idref="fl-30"/>
      </object_component>
      <object_component id="oc-ff">
         <name>.text:Interrupt_enableInterrupt</name>
         <load_address>0x19c7c</load_address>
         <run_address>0x19c7c</run_address>
         <size>0x64</size>
         <input_file_ref idref="fl-30"/>
      </object_component>
      <object_component id="oc-863">
         <name>.text:frexp</name>
         <load_address>0x19ce0</load_address>
         <run_address>0x19ce0</run_address>
         <size>0x64</size>
         <input_file_ref idref="fl-fa"/>
      </object_component>
      <object_component id="oc-344">
         <name>.text:LCD_ReadData2</name>
         <load_address>0x19d44</load_address>
         <run_address>0x19d44</run_address>
         <size>0x60</size>
         <input_file_ref idref="fl-3"/>
      </object_component>
      <object_component id="oc-73b">
         <name>.text:_pconv_f</name>
         <load_address>0x19da4</load_address>
         <run_address>0x19da4</run_address>
         <size>0x56</size>
         <input_file_ref idref="fl-f9"/>
      </object_component>
      <object_component id="oc-838">
         <name>.text:ltoa</name>
         <load_address>0x19dfa</load_address>
         <run_address>0x19dfa</run_address>
         <size>0x54</size>
         <input_file_ref idref="fl-10b"/>
      </object_component>
      <object_component id="oc-848">
         <name>.text:_ecpy</name>
         <load_address>0x19e4e</load_address>
         <run_address>0x19e4e</run_address>
         <size>0x52</size>
         <input_file_ref idref="fl-f9"/>
      </object_component>
      <object_component id="oc-428">
         <name>.text:PCM_shutdownDevice</name>
         <load_address>0x19ea0</load_address>
         <run_address>0x19ea0</run_address>
         <size>0x50</size>
         <input_file_ref idref="fl-31"/>
      </object_component>
      <object_component id="oc-5d3">
         <name>.text:SysCtl_getTLVInfo</name>
         <load_address>0x19ef0</load_address>
         <run_address>0x19ef0</run_address>
         <size>0x50</size>
         <input_file_ref idref="fl-34"/>
      </object_component>
      <object_component id="oc-6a">
         <name>.text</name>
         <load_address>0x19f40</load_address>
         <run_address>0x19f40</run_address>
         <size>0x4c</size>
         <input_file_ref idref="fl-25"/>
      </object_component>
      <object_component id="oc-117">
         <name>.text:GPIO_setAsPeripheralModuleFunctionOutputPin</name>
         <load_address>0x19f8c</load_address>
         <run_address>0x19f8c</run_address>
         <size>0x4c</size>
         <input_file_ref idref="fl-2e"/>
      </object_component>
      <object_component id="oc-5cd">
         <name>.text:_CSGetDOCFrequency</name>
         <load_address>0x19fd8</load_address>
         <run_address>0x19fd8</run_address>
         <size>0x4c</size>
         <input_file_ref idref="fl-2c"/>
      </object_component>
      <object_component id="oc-724">
         <name>.text:atoi</name>
         <load_address>0x1a024</load_address>
         <run_address>0x1a024</run_address>
         <size>0x4c</size>
         <input_file_ref idref="fl-109"/>
      </object_component>
      <object_component id="oc-3c9">
         <name>.text:snprintf</name>
         <load_address>0x1a070</load_address>
         <run_address>0x1a070</run_address>
         <size>0x4c</size>
         <input_file_ref idref="fl-ee"/>
      </object_component>
      <object_component id="oc-2f2">
         <name>.text:GPIO_setAsPeripheralModuleFunctionInputPin</name>
         <load_address>0x1a0bc</load_address>
         <run_address>0x1a0bc</run_address>
         <size>0x48</size>
         <input_file_ref idref="fl-2e"/>
      </object_component>
      <object_component id="oc-43c">
         <name>.text:_CSGetDividerValue</name>
         <load_address>0x1a104</load_address>
         <run_address>0x1a104</run_address>
         <size>0x48</size>
         <input_file_ref idref="fl-2c"/>
      </object_component>
      <object_component id="oc-833">
         <name>.text</name>
         <load_address>0x1a14c</load_address>
         <run_address>0x1a14c</run_address>
         <size>0x48</size>
         <input_file_ref idref="fl-101"/>
      </object_component>
      <object_component id="oc-1e9">
         <name>.text:__TI_auto_init_nobinit_nopinit:__TI_auto_init_nobinit_nopinit</name>
         <load_address>0x1a194</load_address>
         <run_address>0x1a194</run_address>
         <size>0x44</size>
         <input_file_ref idref="fl-103"/>
      </object_component>
      <object_component id="oc-481">
         <name>.text</name>
         <load_address>0x1a1d8</load_address>
         <run_address>0x1a1d8</run_address>
         <size>0x40</size>
         <input_file_ref idref="fl-7"/>
      </object_component>
      <object_component id="oc-46e">
         <name>.text:LCD_WriteData</name>
         <load_address>0x1a218</load_address>
         <run_address>0x1a218</run_address>
         <size>0x40</size>
         <input_file_ref idref="fl-3"/>
      </object_component>
      <object_component id="oc-159">
         <name>.text:I2C_initMaster</name>
         <load_address>0x1a258</load_address>
         <run_address>0x1a258</run_address>
         <size>0x3e</size>
         <input_file_ref idref="fl-2f"/>
      </object_component>
      <object_component id="oc-85b">
         <name>.text:_fcpy</name>
         <load_address>0x1a296</load_address>
         <run_address>0x1a296</run_address>
         <size>0x3e</size>
         <input_file_ref idref="fl-f9"/>
      </object_component>
      <object_component id="oc-32c">
         <name>.text:LCD_Write_Data_Only</name>
         <load_address>0x1a2d4</load_address>
         <run_address>0x1a2d4</run_address>
         <size>0x3c</size>
         <input_file_ref idref="fl-3"/>
      </object_component>
      <object_component id="oc-a7">
         <name>.text</name>
         <load_address>0x1a310</load_address>
         <run_address>0x1a310</run_address>
         <size>0x3c</size>
         <input_file_ref idref="fl-4"/>
      </object_component>
      <object_component id="oc-171">
         <name>.text:I2C_masterSendMultiByteStart</name>
         <load_address>0x1a34c</load_address>
         <run_address>0x1a34c</run_address>
         <size>0x38</size>
         <input_file_ref idref="fl-2f"/>
      </object_component>
      <object_component id="oc-cc">
         <name>.text</name>
         <load_address>0x1a384</load_address>
         <run_address>0x1a384</run_address>
         <size>0x34</size>
         <input_file_ref idref="fl-8"/>
      </object_component>
      <object_component id="oc-31e">
         <name>.text:LCD_WriteIndex</name>
         <load_address>0x1a3b8</load_address>
         <run_address>0x1a3b8</run_address>
         <size>0x34</size>
         <input_file_ref idref="fl-3"/>
      </object_component>
      <object_component id="oc-52">
         <name>.text:_c_int00_noargs:_c_int00_noargs</name>
         <load_address>0x1a3ec</load_address>
         <run_address>0x1a3ec</run_address>
         <size>0x34</size>
         <input_file_ref idref="fl-f8"/>
      </object_component>
      <object_component id="oc-195">
         <name>.text:I2C_masterSendMultiByteStop</name>
         <load_address>0x1a420</load_address>
         <run_address>0x1a420</run_address>
         <size>0x30</size>
         <input_file_ref idref="fl-2f"/>
      </object_component>
      <object_component id="oc-55a">
         <name>.text:_outs</name>
         <load_address>0x1a450</load_address>
         <run_address>0x1a450</run_address>
         <size>0x30</size>
         <input_file_ref idref="fl-ee"/>
      </object_component>
      <object_component id="oc-457">
         <name>.text:is_A_Module</name>
         <load_address>0x1a480</load_address>
         <run_address>0x1a480</run_address>
         <size>0x30</size>
         <input_file_ref idref="fl-33"/>
      </object_component>
      <object_component id="oc-83e">
         <name>.text</name>
         <load_address>0x1a4b0</load_address>
         <run_address>0x1a4b0</run_address>
         <size>0x2e</size>
         <input_file_ref idref="fl-102"/>
      </object_component>
      <object_component id="oc-592">
         <name>.text:PCM_getCoreVoltageLevel</name>
         <load_address>0x1a4de</load_address>
         <run_address>0x1a4de</run_address>
         <size>0x2c</size>
         <input_file_ref idref="fl-31"/>
      </object_component>
      <object_component id="oc-58c">
         <name>.text:PCM_getPowerMode</name>
         <load_address>0x1a50a</load_address>
         <run_address>0x1a50a</run_address>
         <size>0x2a</size>
         <input_file_ref idref="fl-31"/>
      </object_component>
      <object_component id="oc-123">
         <name>.text:FlashCtl_setWaitState</name>
         <load_address>0x1a534</load_address>
         <run_address>0x1a534</run_address>
         <size>0x28</size>
         <input_file_ref idref="fl-2d"/>
      </object_component>
      <object_component id="oc-434">
         <name>.text:PCM_gotoLPM0</name>
         <load_address>0x1a55c</load_address>
         <run_address>0x1a55c</run_address>
         <size>0x28</size>
         <input_file_ref idref="fl-31"/>
      </object_component>
      <object_component id="oc-33d">
         <name>.text:SPISendRecvByte</name>
         <load_address>0x1a584</load_address>
         <run_address>0x1a584</run_address>
         <size>0x28</size>
         <input_file_ref idref="fl-3"/>
      </object_component>
      <object_component id="oc-395">
         <name>.text</name>
         <load_address>0x1a5ac</load_address>
         <run_address>0x1a5ac</run_address>
         <size>0x26</size>
         <input_file_ref idref="fl-11"/>
      </object_component>
      <object_component id="oc-448">
         <name>.text:CS_clearInterruptFlag</name>
         <load_address>0x1a5d4</load_address>
         <run_address>0x1a5d4</run_address>
         <size>0x24</size>
         <input_file_ref idref="fl-2c"/>
      </object_component>
      <object_component id="oc-12f">
         <name>.text:CS_setDCOCenteredFrequency</name>
         <load_address>0x1a5f8</load_address>
         <run_address>0x1a5f8</run_address>
         <size>0x24</size>
         <input_file_ref idref="fl-2c"/>
      </object_component>
      <object_component id="oc-304">
         <name>.text:GPIO_setAsOutputPin</name>
         <load_address>0x1a61c</load_address>
         <run_address>0x1a61c</run_address>
         <size>0x24</size>
         <input_file_ref idref="fl-2e"/>
      </object_component>
      <object_component id="oc-1a1">
         <name>.text:I2C_masterSendMultiByteNext</name>
         <load_address>0x1a640</load_address>
         <run_address>0x1a640</run_address>
         <size>0x24</size>
         <input_file_ref idref="fl-2f"/>
      </object_component>
      <object_component id="oc-105">
         <name>.text:Interrupt_setPriority</name>
         <load_address>0x1a664</load_address>
         <run_address>0x1a664</run_address>
         <size>0x24</size>
         <input_file_ref idref="fl-30"/>
      </object_component>
      <object_component id="oc-5c0">
         <name>.text:RTC_C_holdClock</name>
         <load_address>0x1a688</load_address>
         <run_address>0x1a688</run_address>
         <size>0x24</size>
         <input_file_ref idref="fl-32"/>
      </object_component>
      <object_component id="oc-3b7">
         <name>.text:UART_transmitData</name>
         <load_address>0x1a6ac</load_address>
         <run_address>0x1a6ac</run_address>
         <size>0x24</size>
         <input_file_ref idref="fl-36"/>
      </object_component>
      <object_component id="oc-317">
         <name>.text:LCD_SetCursor</name>
         <load_address>0x1a6d0</load_address>
         <run_address>0x1a6d0</run_address>
         <size>0x20</size>
         <input_file_ref idref="fl-3"/>
      </object_component>
      <object_component id="oc-475">
         <name>.text:SPI_transmitData</name>
         <load_address>0x1a6f0</load_address>
         <run_address>0x1a6f0</run_address>
         <size>0x20</size>
         <input_file_ref idref="fl-33"/>
      </object_component>
      <object_component id="oc-47b">
         <name>.text:EUSCI_B_SPI_isBusy</name>
         <load_address>0x1a710</load_address>
         <run_address>0x1a710</run_address>
         <size>0x1c</size>
         <input_file_ref idref="fl-33"/>
      </object_component>
      <object_component id="oc-310">
         <name>.text:LCD_WriteReg</name>
         <load_address>0x1a72c</load_address>
         <run_address>0x1a72c</run_address>
         <size>0x1c</size>
         <input_file_ref idref="fl-3"/>
      </object_component>
      <object_component id="oc-74d">
         <name>.text:memccpy</name>
         <load_address>0x1a748</load_address>
         <run_address>0x1a748</run_address>
         <size>0x1c</size>
         <input_file_ref idref="fl-10c"/>
      </object_component>
      <object_component id="oc-2fe">
         <name>.text:SPI_enableModule</name>
         <load_address>0x1a764</load_address>
         <run_address>0x1a764</run_address>
         <size>0x1a</size>
         <input_file_ref idref="fl-33"/>
      </object_component>
      <object_component id="oc-489">
         <name>.text:SPI_receiveData</name>
         <load_address>0x1a77e</load_address>
         <run_address>0x1a77e</run_address>
         <size>0x1a</size>
         <input_file_ref idref="fl-33"/>
      </object_component>
      <object_component id="oc-8b7">
         <name>.text:copysign</name>
         <load_address>0x1a798</load_address>
         <run_address>0x1a798</run_address>
         <size>0x1a</size>
         <input_file_ref idref="fl-110"/>
      </object_component>
      <object_component id="oc-27b">
         <name>.text:CS_getMCLK</name>
         <load_address>0x1a7b4</load_address>
         <run_address>0x1a7b4</run_address>
         <size>0x18</size>
         <input_file_ref idref="fl-2c"/>
      </object_component>
      <object_component id="oc-147">
         <name>.text:CS_getSMCLK</name>
         <load_address>0x1a7cc</load_address>
         <run_address>0x1a7cc</run_address>
         <size>0x18</size>
         <input_file_ref idref="fl-2c"/>
      </object_component>
      <object_component id="oc-238">
         <name>.text:WDT_A_clearTimer</name>
         <load_address>0x1a7e4</load_address>
         <run_address>0x1a7e4</run_address>
         <size>0x18</size>
         <input_file_ref idref="fl-37"/>
      </object_component>
      <object_component id="oc-23e">
         <name>.text:WDT_A_holdTimer</name>
         <load_address>0x1a7fc</load_address>
         <run_address>0x1a7fc</run_address>
         <size>0x18</size>
         <input_file_ref idref="fl-37"/>
      </object_component>
      <object_component id="oc-560">
         <name>.text:_outc</name>
         <load_address>0x1a814</load_address>
         <run_address>0x1a814</run_address>
         <size>0x18</size>
         <input_file_ref idref="fl-ee"/>
      </object_component>
      <object_component id="oc-53b">
         <name>.text</name>
         <load_address>0x1a82c</load_address>
         <run_address>0x1a82c</run_address>
         <size>0x18</size>
         <input_file_ref idref="fl-f2"/>
      </object_component>
      <object_component id="oc-86f">
         <name>.text:strchr</name>
         <load_address>0x1a844</load_address>
         <run_address>0x1a844</run_address>
         <size>0x16</size>
         <input_file_ref idref="fl-10d"/>
      </object_component>
      <object_component id="oc-11d">
         <name>.text:CS_setExternalClockSourceFrequency</name>
         <load_address>0x1a85c</load_address>
         <run_address>0x1a85c</run_address>
         <size>0x14</size>
         <input_file_ref idref="fl-2c"/>
      </object_component>
      <object_component id="oc-30a">
         <name>.text:GPIO_setOutputHighOnPin</name>
         <load_address>0x1a870</load_address>
         <run_address>0x1a870</run_address>
         <size>0x14</size>
         <input_file_ref idref="fl-2e"/>
      </object_component>
      <object_component id="oc-14d">
         <name>.text:I2C_isBusBusy</name>
         <load_address>0x1a884</load_address>
         <run_address>0x1a884</run_address>
         <size>0x14</size>
         <input_file_ref idref="fl-2f"/>
      </object_component>
      <object_component id="oc-c6">
         <name>.text:SysTick_enableInterrupt</name>
         <load_address>0x1a898</load_address>
         <run_address>0x1a898</run_address>
         <size>0x14</size>
         <input_file_ref idref="fl-35"/>
      </object_component>
      <object_component id="oc-4bd">
         <name>.text:strlen</name>
         <load_address>0x1a8ac</load_address>
         <run_address>0x1a8ac</run_address>
         <size>0x14</size>
         <input_file_ref idref="fl-f7"/>
      </object_component>
      <object_component id="oc-753">
         <name>.text:wcslen</name>
         <load_address>0x1a8c0</load_address>
         <run_address>0x1a8c0</run_address>
         <size>0x12</size>
         <input_file_ref idref="fl-10f"/>
      </object_component>
      <object_component id="oc-183">
         <name>.text:I2C_masterReceiveStart</name>
         <load_address>0x1a8d2</load_address>
         <run_address>0x1a8d2</run_address>
         <size>0x10</size>
         <input_file_ref idref="fl-2f"/>
      </object_component>
      <object_component id="oc-10b">
         <name>.text:Interrupt_enableMaster</name>
         <load_address>0x1a8e2</load_address>
         <run_address>0x1a8e2</run_address>
         <size>0x10</size>
         <input_file_ref idref="fl-30"/>
      </object_component>
      <object_component id="oc-422">
         <name>.text:PCM_gotoLPM4</name>
         <load_address>0x1a8f2</load_address>
         <run_address>0x1a8f2</run_address>
         <size>0x10</size>
         <input_file_ref idref="fl-31"/>
      </object_component>
      <object_component id="oc-5a5">
         <name>.text:SysCtl_disableNMISource</name>
         <load_address>0x1a904</load_address>
         <run_address>0x1a904</run_address>
         <size>0x10</size>
         <input_file_ref idref="fl-34"/>
      </object_component>
      <object_component id="oc-5b1">
         <name>.text:SysCtl_enableNMISource</name>
         <load_address>0x1a914</load_address>
         <run_address>0x1a914</run_address>
         <size>0x10</size>
         <input_file_ref idref="fl-34"/>
      </object_component>
      <object_component id="oc-df">
         <name>.text</name>
         <load_address>0x1a924</load_address>
         <run_address>0x1a924</run_address>
         <size>0xe</size>
         <input_file_ref idref="fl-22"/>
      </object_component>
      <object_component id="oc-18f">
         <name>.text:I2C_clearInterruptFlag</name>
         <load_address>0x1a932</load_address>
         <run_address>0x1a932</run_address>
         <size>0xe</size>
         <input_file_ref idref="fl-2f"/>
      </object_component>
      <object_component id="oc-177">
         <name>.text:I2C_disableInterrupt</name>
         <load_address>0x1a940</load_address>
         <run_address>0x1a940</run_address>
         <size>0xe</size>
         <input_file_ref idref="fl-2f"/>
      </object_component>
      <object_component id="oc-1a">
         <name>.text:decompress:none:__TI_decompress_none</name>
         <load_address>0x1a94e</load_address>
         <run_address>0x1a94e</run_address>
         <size>0xe</size>
         <input_file_ref idref="fl-f5"/>
      </object_component>
      <object_component id="oc-64">
         <name>.text</name>
         <load_address>0x1a95c</load_address>
         <run_address>0x1a95c</run_address>
         <size>0xe</size>
         <input_file_ref idref="fl-5"/>
      </object_component>
      <object_component id="oc-2a0">
         <name>.text:CPU_cpsie</name>
         <load_address>0x1a96a</load_address>
         <run_address>0x1a96a</run_address>
         <size>0xc</size>
         <input_file_ref idref="fl-38"/>
      </object_component>
      <object_component id="oc-465">
         <name>.text:EUSCI_A_SPI_enable</name>
         <load_address>0x1a976</load_address>
         <run_address>0x1a976</run_address>
         <size>0xc</size>
         <input_file_ref idref="fl-33"/>
      </object_component>
      <object_component id="oc-45f">
         <name>.text:EUSCI_B_SPI_enable</name>
         <load_address>0x1a982</load_address>
         <run_address>0x1a982</run_address>
         <size>0xc</size>
         <input_file_ref idref="fl-33"/>
      </object_component>
      <object_component id="oc-153">
         <name>.text:I2C_disableModule</name>
         <load_address>0x1a98e</load_address>
         <run_address>0x1a98e</run_address>
         <size>0xc</size>
         <input_file_ref idref="fl-2f"/>
      </object_component>
      <object_component id="oc-165">
         <name>.text:I2C_enableModule</name>
         <load_address>0x1a99a</load_address>
         <run_address>0x1a99a</run_address>
         <size>0xc</size>
         <input_file_ref idref="fl-2f"/>
      </object_component>
      <object_component id="oc-416">
         <name>.text:PCM_getPowerState</name>
         <load_address>0x1a9a8</load_address>
         <run_address>0x1a9a8</run_address>
         <size>0xc</size>
         <input_file_ref idref="fl-31"/>
      </object_component>
      <object_component id="oc-59f">
         <name>.text:SysCtl_getNMISourceStatus</name>
         <load_address>0x1a9b4</load_address>
         <run_address>0x1a9b4</run_address>
         <size>0xc</size>
         <input_file_ref idref="fl-34"/>
      </object_component>
      <object_component id="oc-3c3">
         <name>.text:UART_enableModule</name>
         <load_address>0x1a9c0</load_address>
         <run_address>0x1a9c0</run_address>
         <size>0xc</size>
         <input_file_ref idref="fl-36"/>
      </object_component>
      <object_component id="oc-46">
         <name>.text:decompress:ZI:__TI_zero_init</name>
         <load_address>0x1a9cc</load_address>
         <run_address>0x1a9cc</run_address>
         <size>0xc</size>
         <input_file_ref idref="fl-f4"/>
      </object_component>
      <object_component id="oc-325">
         <name>.text:LCD_Write_Data_Start</name>
         <load_address>0x1a9d8</load_address>
         <run_address>0x1a9d8</run_address>
         <size>0xa</size>
         <input_file_ref idref="fl-3"/>
      </object_component>
      <object_component id="oc-16b">
         <name>.text:I2C_enableInterrupt</name>
         <load_address>0x1a9e2</load_address>
         <run_address>0x1a9e2</run_address>
         <size>0x8</size>
         <input_file_ref idref="fl-2f"/>
      </object_component>
      <object_component id="oc-26f">
         <name>.text:PCM_setCoreVoltageLevel</name>
         <load_address>0x1a9ea</load_address>
         <run_address>0x1a9ea</run_address>
         <size>0x8</size>
         <input_file_ref idref="fl-31"/>
      </object_component>
      <object_component id="oc-598">
         <name>.text:PCM_setPowerMode</name>
         <load_address>0x1a9f2</load_address>
         <run_address>0x1a9f2</run_address>
         <size>0x8</size>
         <input_file_ref idref="fl-31"/>
      </object_component>
      <object_component id="oc-129">
         <name>.text:PCM_setPowerState</name>
         <load_address>0x1a9fa</load_address>
         <run_address>0x1a9fa</run_address>
         <size>0x8</size>
         <input_file_ref idref="fl-31"/>
      </object_component>
      <object_component id="oc-759">
         <name>.text:__aeabi_errno_addr</name>
         <load_address>0x1aa04</load_address>
         <run_address>0x1aa04</run_address>
         <size>0x8</size>
         <input_file_ref idref="fl-10e"/>
      </object_component>
      <object_component id="oc-275">
         <name>.text:CS_startHFXT</name>
         <load_address>0x1aa0c</load_address>
         <run_address>0x1aa0c</run_address>
         <size>0x6</size>
         <input_file_ref idref="fl-2c"/>
      </object_component>
      <object_component id="oc-5f8">
         <name>.text:EUSCI_A_SPI_receiveData</name>
         <load_address>0x1aa12</load_address>
         <run_address>0x1aa12</run_address>
         <size>0x6</size>
         <input_file_ref idref="fl-33"/>
      </object_component>
      <object_component id="oc-5fe">
         <name>.text:EUSCI_B_SPI_receiveData</name>
         <load_address>0x1aa18</load_address>
         <run_address>0x1aa18</run_address>
         <size>0x6</size>
         <input_file_ref idref="fl-33"/>
      </object_component>
      <object_component id="oc-189">
         <name>.text:I2C_getEnabledInterruptStatus</name>
         <load_address>0x1aa1e</load_address>
         <run_address>0x1aa1e</run_address>
         <size>0x6</size>
         <input_file_ref idref="fl-2f"/>
      </object_component>
      <object_component id="oc-17d">
         <name>.text:I2C_getInterruptStatus</name>
         <load_address>0x1aa24</load_address>
         <run_address>0x1aa24</run_address>
         <size>0x6</size>
         <input_file_ref idref="fl-2f"/>
      </object_component>
      <object_component id="oc-19b">
         <name>.text:I2C_masterReceiveMultiByteNext</name>
         <load_address>0x1aa2a</load_address>
         <run_address>0x1aa2a</run_address>
         <size>0x6</size>
         <input_file_ref idref="fl-2f"/>
      </object_component>
      <object_component id="oc-534">
         <name>.text:SysCtlDelay</name>
         <load_address>0x1aa30</load_address>
         <run_address>0x1aa30</run_address>
         <size>0x6</size>
         <input_file_ref idref="fl-11"/>
      </object_component>
      <object_component id="oc-5b9">
         <name>.text:CPU_wfi</name>
         <load_address>0x1aa36</load_address>
         <run_address>0x1aa36</run_address>
         <size>0x4</size>
         <input_file_ref idref="fl-38"/>
      </object_component>
      <object_component id="oc-5eb">
         <name>.text:EUSCI_A_SPI_transmitData</name>
         <load_address>0x1aa3a</load_address>
         <run_address>0x1aa3a</run_address>
         <size>0x4</size>
         <input_file_ref idref="fl-33"/>
      </object_component>
      <object_component id="oc-5e5">
         <name>.text:EUSCI_B_SPI_transmitData</name>
         <load_address>0x1aa3e</load_address>
         <run_address>0x1aa3e</run_address>
         <size>0x4</size>
         <input_file_ref idref="fl-33"/>
      </object_component>
      <object_component id="oc-15f">
         <name>.text:I2C_setSlaveAddress</name>
         <load_address>0x1aa42</load_address>
         <run_address>0x1aa42</run_address>
         <size>0x4</size>
         <input_file_ref idref="fl-2f"/>
      </object_component>
      <object_component id="oc-a1">
         <name>.text:_system_pre_init</name>
         <load_address>0x1aa46</load_address>
         <run_address>0x1aa46</run_address>
         <size>0x4</size>
         <input_file_ref idref="fl-104"/>
      </object_component>
      <object_component id="oc-1dd">
         <name>.text:abort:abort</name>
         <load_address>0x1aa4a</load_address>
         <run_address>0x1aa4a</run_address>
         <size>0x4</size>
         <input_file_ref idref="fl-106"/>
      </object_component>
      <object_component id="oc-5f3">
         <name>.const:AsciiLib</name>
         <load_address>0x1aa50</load_address>
         <run_address>0x1aa50</run_address>
         <size>0x5f0</size>
         <input_file_ref idref="fl-7"/>
      </object_component>
      <object_component id="oc-81d">
         <name>.const:.string:_ctypes_</name>
         <load_address>0x1b040</load_address>
         <run_address>0x1b040</run_address>
         <size>0x101</size>
         <input_file_ref idref="fl-10a"/>
      </object_component>
      <object_component id="oc-525">
         <name>.const:.string:INVALID_OFFSET</name>
         <load_address>0x1b141</load_address>
         <run_address>0x1b141</run_address>
         <size>0x3</size>
         <input_file_ref idref="fl-f"/>
      </object_component>
      <object_component id="oc-672">
         <name>.const:$P$T0$1</name>
         <load_address>0x1b144</load_address>
         <run_address>0x1b144</run_address>
         <size>0xb0</size>
         <input_file_ref idref="fl-20"/>
      </object_component>
      <object_component id="oc-29c">
         <name>.const:g_pulRegs</name>
         <load_address>0x1b1f4</load_address>
         <run_address>0x1b1f4</run_address>
         <size>0x50</size>
         <input_file_ref idref="fl-30"/>
      </object_component>
      <object_component id="oc-292">
         <name>.const</name>
         <load_address>0x1b244</load_address>
         <run_address>0x1b244</run_address>
         <size>0x40</size>
         <input_file_ref idref="fl-30"/>
      </object_component>
      <object_component id="oc-795">
         <name>.const:_SlActionLookupTable</name>
         <load_address>0x1b284</load_address>
         <run_address>0x1b284</run_address>
         <size>0x38</size>
         <input_file_ref idref="fl-18"/>
      </object_component>
      <object_component id="oc-4c3">
         <name>.const:$P$T0$1</name>
         <load_address>0x1b2bc</load_address>
         <run_address>0x1b2bc</run_address>
         <size>0x2c</size>
         <input_file_ref idref="fl-16"/>
      </object_component>
      <object_component id="oc-3cf">
         <name>.const:backChannelUart115200Config</name>
         <load_address>0x1b2e8</load_address>
         <run_address>0x1b2e8</run_address>
         <size>0x24</size>
         <input_file_ref idref="fl-9"/>
      </object_component>
      <object_component id="oc-33a">
         <name>.const:spiMasterConfig</name>
         <load_address>0x1b30c</load_address>
         <run_address>0x1b30c</run_address>
         <size>0x1c</size>
         <input_file_ref idref="fl-3"/>
      </object_component>
      <object_component id="oc-4c6">
         <name>.const:$P$T1$2</name>
         <load_address>0x1b328</load_address>
         <run_address>0x1b328</run_address>
         <size>0x14</size>
         <input_file_ref idref="fl-16"/>
      </object_component>
      <object_component id="oc-4c9">
         <name>.const:$P$T2$3</name>
         <load_address>0x1b33c</load_address>
         <run_address>0x1b33c</run_address>
         <size>0xc</size>
         <input_file_ref idref="fl-16"/>
      </object_component>
      <object_component id="oc-528">
         <name>.const:yas532_version_ac_coef</name>
         <load_address>0x1b348</load_address>
         <run_address>0x1b348</run_address>
         <size>0xc</size>
         <input_file_ref idref="fl-f"/>
      </object_component>
      <object_component id="oc-78f">
         <name>.const:g_H2NCnysPattern</name>
         <load_address>0x1b354</load_address>
         <run_address>0x1b354</run_address>
         <size>0x8</size>
         <input_file_ref idref="fl-18"/>
      </object_component>
      <object_component id="oc-78c">
         <name>.const:g_H2NSyncPattern</name>
         <load_address>0x1b35c</load_address>
         <run_address>0x1b35c</run_address>
         <size>0x8</size>
         <input_file_ref idref="fl-18"/>
      </object_component>
      <object_component id="oc-52c">
         <name>.const:v_calib_data$2</name>
         <load_address>0x1b364</load_address>
         <run_address>0x1b364</run_address>
         <size>0x8</size>
         <input_file_ref idref="fl-f"/>
      </object_component>
      <object_component id="oc-3b3">
         <name>.const:.string:$P$T0$1</name>
         <load_address>0x1b36c</load_address>
         <run_address>0x1b36c</run_address>
         <size>0x5</size>
         <input_file_ref idref="fl-e"/>
      </object_component>
      <object_component id="oc-52b">
         <name>.const:.string:v_correct_u8$1</name>
         <load_address>0x1b371</load_address>
         <run_address>0x1b371</run_address>
         <size>0x5</size>
         <input_file_ref idref="fl-f"/>
      </object_component>
      <object_component id="oc-792">
         <name>.const:$P$T0$1</name>
         <load_address>0x1b376</load_address>
         <run_address>0x1b376</run_address>
         <size>0x4</size>
         <input_file_ref idref="fl-18"/>
      </object_component>
      <object_component id="oc-6c8">
         <name>.const:$P$T0$1</name>
         <load_address>0x1b37a</load_address>
         <run_address>0x1b37a</run_address>
         <size>0x4</size>
         <input_file_ref idref="fl-1b"/>
      </object_component>
      <object_component id="oc-611">
         <name>.const:$P$T0$1</name>
         <load_address>0x1b37e</load_address>
         <run_address>0x1b37e</run_address>
         <size>0x4</size>
         <input_file_ref idref="fl-1e"/>
      </object_component>
      <object_component id="oc-614">
         <name>.const:$P$T1$2</name>
         <load_address>0x1b382</load_address>
         <run_address>0x1b382</run_address>
         <size>0x4</size>
         <input_file_ref idref="fl-1e"/>
      </object_component>
      <object_component id="oc-675">
         <name>.const:$P$T1$2</name>
         <load_address>0x1b386</load_address>
         <run_address>0x1b386</run_address>
         <size>0x4</size>
         <input_file_ref idref="fl-20"/>
      </object_component>
      <object_component id="oc-61a">
         <name>.const:$P$T2$3</name>
         <load_address>0x1b38a</load_address>
         <run_address>0x1b38a</run_address>
         <size>0x4</size>
         <input_file_ref idref="fl-1e"/>
      </object_component>
      <object_component id="oc-67e">
         <name>.const:$P$T2$3</name>
         <load_address>0x1b38e</load_address>
         <run_address>0x1b38e</run_address>
         <size>0x4</size>
         <input_file_ref idref="fl-20"/>
      </object_component>
      <object_component id="oc-693">
         <name>.const:$P$T3$4</name>
         <load_address>0x1b392</load_address>
         <run_address>0x1b392</run_address>
         <size>0x4</size>
         <input_file_ref idref="fl-20"/>
      </object_component>
      <object_component id="oc-626">
         <name>.const:_SlAcceptCmdCtrl</name>
         <load_address>0x1b396</load_address>
         <run_address>0x1b396</run_address>
         <size>0x4</size>
         <input_file_ref idref="fl-1e"/>
      </object_component>
      <object_component id="oc-65c">
         <name>.const:_SlDeviceGetCmdCtrl</name>
         <load_address>0x1b39a</load_address>
         <run_address>0x1b39a</run_address>
         <size>0x4</size>
         <input_file_ref idref="fl-17"/>
      </object_component>
      <object_component id="oc-65f">
         <name>.const:_SlDeviceSetCmdCtrl</name>
         <load_address>0x1b39e</load_address>
         <run_address>0x1b39e</run_address>
         <size>0x4</size>
         <input_file_ref idref="fl-17"/>
      </object_component>
      <object_component id="oc-659">
         <name>.const:_SlEventMaskGetCmdCtrl</name>
         <load_address>0x1b3a2</load_address>
         <run_address>0x1b3a2</run_address>
         <size>0x4</size>
         <input_file_ref idref="fl-17"/>
      </object_component>
      <object_component id="oc-656">
         <name>.const:_SlEventMaskSetCmdCtrl</name>
         <load_address>0x1b3a6</load_address>
         <run_address>0x1b3a6</run_address>
         <size>0x4</size>
         <input_file_ref idref="fl-17"/>
      </object_component>
      <object_component id="oc-6c5">
         <name>.const:_SlGetHostByNameCtrl</name>
         <load_address>0x1b3aa</load_address>
         <run_address>0x1b3aa</run_address>
         <size>0x4</size>
         <input_file_ref idref="fl-1b"/>
      </object_component>
      <object_component id="oc-6c2">
         <name>.const:_SlGetHostByServiceCtrl</name>
         <load_address>0x1b3ae</load_address>
         <run_address>0x1b3ae</run_address>
         <size>0x4</size>
         <input_file_ref idref="fl-1b"/>
      </object_component>
      <object_component id="oc-6bc">
         <name>.const:_SlGetServiceListeCtrl</name>
         <load_address>0x1b3b2</load_address>
         <run_address>0x1b3b2</run_address>
         <size>0x4</size>
         <input_file_ref idref="fl-1b"/>
      </object_component>
      <object_component id="oc-62f">
         <name>.const:_SlGetSockOptCmdCtrl</name>
         <load_address>0x1b3b6</load_address>
         <run_address>0x1b3b6</run_address>
         <size>0x4</size>
         <input_file_ref idref="fl-1e"/>
      </object_component>
      <object_component id="oc-623">
         <name>.const:_SlListenCmdCtrl</name>
         <load_address>0x1b3ba</load_address>
         <run_address>0x1b3ba</run_address>
         <size>0x4</size>
         <input_file_ref idref="fl-1e"/>
      </object_component>
      <object_component id="oc-6d1">
         <name>.const:_SlNetAppGetCmdCtrl</name>
         <load_address>0x1b3be</load_address>
         <run_address>0x1b3be</run_address>
         <size>0x4</size>
         <input_file_ref idref="fl-1b"/>
      </object_component>
      <object_component id="oc-6ce">
         <name>.const:_SlNetAppSendTokenValueCmdCtrl</name>
         <load_address>0x1b3c2</load_address>
         <run_address>0x1b3c2</run_address>
         <size>0x4</size>
         <input_file_ref idref="fl-1b"/>
      </object_component>
      <object_component id="oc-6cb">
         <name>.const:_SlNetAppSetCmdCtrl</name>
         <load_address>0x1b3c6</load_address>
         <run_address>0x1b3c6</run_address>
         <size>0x4</size>
         <input_file_ref idref="fl-1b"/>
      </object_component>
      <object_component id="oc-6b6">
         <name>.const:_SlNetAppStartCtrl</name>
         <load_address>0x1b3ca</load_address>
         <run_address>0x1b3ca</run_address>
         <size>0x4</size>
         <input_file_ref idref="fl-1b"/>
      </object_component>
      <object_component id="oc-6b9">
         <name>.const:_SlNetAppStopCtrl</name>
         <load_address>0x1b3ce</load_address>
         <run_address>0x1b3ce</run_address>
         <size>0x4</size>
         <input_file_ref idref="fl-1b"/>
      </object_component>
      <object_component id="oc-6ac">
         <name>.const:_SlNetCfgGetCmdCtrl</name>
         <load_address>0x1b3d2</load_address>
         <run_address>0x1b3d2</run_address>
         <size>0x4</size>
         <input_file_ref idref="fl-1c"/>
      </object_component>
      <object_component id="oc-6a9">
         <name>.const:_SlNetCfgSetCmdCtrl</name>
         <load_address>0x1b3d6</load_address>
         <run_address>0x1b3d6</run_address>
         <size>0x4</size>
         <input_file_ref idref="fl-1c"/>
      </object_component>
      <object_component id="oc-67b">
         <name>.const:_SlPolicyGetCmdCtrl</name>
         <load_address>0x1b3da</load_address>
         <run_address>0x1b3da</run_address>
         <size>0x4</size>
         <input_file_ref idref="fl-20"/>
      </object_component>
      <object_component id="oc-678">
         <name>.const:_SlPolicySetCmdCtrl</name>
         <load_address>0x1b3de</load_address>
         <run_address>0x1b3de</run_address>
         <size>0x4</size>
         <input_file_ref idref="fl-20"/>
      </object_component>
      <object_component id="oc-684">
         <name>.const:_SlProfileDelCmdCtrl</name>
         <load_address>0x1b3e2</load_address>
         <run_address>0x1b3e2</run_address>
         <size>0x4</size>
         <input_file_ref idref="fl-20"/>
      </object_component>
      <object_component id="oc-681">
         <name>.const:_SlProfileGetCmdCtrl</name>
         <load_address>0x1b3e6</load_address>
         <run_address>0x1b3e6</run_address>
         <size>0x4</size>
         <input_file_ref idref="fl-20"/>
      </object_component>
      <object_component id="oc-629">
         <name>.const:_SlRecvCmdCtrl</name>
         <load_address>0x1b3ea</load_address>
         <run_address>0x1b3ea</run_address>
         <size>0x4</size>
         <input_file_ref idref="fl-1e"/>
      </object_component>
      <object_component id="oc-617">
         <name>.const:_SlRecvfomCmdCtrl</name>
         <load_address>0x1b3ee</load_address>
         <run_address>0x1b3ee</run_address>
         <size>0x4</size>
         <input_file_ref idref="fl-1e"/>
      </object_component>
      <object_component id="oc-6bf">
         <name>.const:_SlRegisterServiceCtrl</name>
         <load_address>0x1b3f2</load_address>
         <run_address>0x1b3f2</run_address>
         <size>0x4</size>
         <input_file_ref idref="fl-1b"/>
      </object_component>
      <object_component id="oc-68a">
         <name>.const:_SlRxFilterAddtCmdCtrl</name>
         <load_address>0x1b3f6</load_address>
         <run_address>0x1b3f6</run_address>
         <size>0x4</size>
         <input_file_ref idref="fl-20"/>
      </object_component>
      <object_component id="oc-690">
         <name>.const:_SlRxFilterGetCmdCtrl</name>
         <load_address>0x1b3fa</load_address>
         <run_address>0x1b3fa</run_address>
         <size>0x4</size>
         <input_file_ref idref="fl-20"/>
      </object_component>
      <object_component id="oc-68d">
         <name>.const:_SlRxFilterSetCmdCtrl</name>
         <load_address>0x1b3fe</load_address>
         <run_address>0x1b3fe</run_address>
         <size>0x4</size>
         <input_file_ref idref="fl-20"/>
      </object_component>
      <object_component id="oc-632">
         <name>.const:_SlSelectCmdCtrl</name>
         <load_address>0x1b402</load_address>
         <run_address>0x1b402</run_address>
         <size>0x4</size>
         <input_file_ref idref="fl-1e"/>
      </object_component>
      <object_component id="oc-620">
         <name>.const:_SlSendCmdCtrl</name>
         <load_address>0x1b406</load_address>
         <run_address>0x1b406</run_address>
         <size>0x4</size>
         <input_file_ref idref="fl-1e"/>
      </object_component>
      <object_component id="oc-62c">
         <name>.const:_SlSetSockOptCmdCtrl</name>
         <load_address>0x1b40a</load_address>
         <run_address>0x1b40a</run_address>
         <size>0x4</size>
         <input_file_ref idref="fl-1e"/>
      </object_component>
      <object_component id="oc-696">
         <name>.const:_SlSmartConfigStartCmdCtrl</name>
         <load_address>0x1b40e</load_address>
         <run_address>0x1b40e</run_address>
         <size>0x4</size>
         <input_file_ref idref="fl-20"/>
      </object_component>
      <object_component id="oc-60e">
         <name>.const:_SlSockCloseCmdCtrl</name>
         <load_address>0x1b412</load_address>
         <run_address>0x1b412</run_address>
         <size>0x4</size>
         <input_file_ref idref="fl-1e"/>
      </object_component>
      <object_component id="oc-60b">
         <name>.const:_SlSockSocketCmdCtrl</name>
         <load_address>0x1b416</load_address>
         <run_address>0x1b416</run_address>
         <size>0x4</size>
         <input_file_ref idref="fl-1e"/>
      </object_component>
      <object_component id="oc-653">
         <name>.const:_SlStopCmdCtrl</name>
         <load_address>0x1b41a</load_address>
         <run_address>0x1b41a</run_address>
         <size>0x4</size>
         <input_file_ref idref="fl-17"/>
      </object_component>
      <object_component id="oc-69f">
         <name>.const:_SlWlanCfgGetCmdCtrl</name>
         <load_address>0x1b41e</load_address>
         <run_address>0x1b41e</run_address>
         <size>0x4</size>
         <input_file_ref idref="fl-20"/>
      </object_component>
      <object_component id="oc-69c">
         <name>.const:_SlWlanCfgSetCmdCtrl</name>
         <load_address>0x1b422</load_address>
         <run_address>0x1b422</run_address>
         <size>0x4</size>
         <input_file_ref idref="fl-20"/>
      </object_component>
      <object_component id="oc-687">
         <name>.const:_SlWlanGetNetworkListCtrl</name>
         <load_address>0x1b426</load_address>
         <run_address>0x1b426</run_address>
         <size>0x4</size>
         <input_file_ref idref="fl-20"/>
      </object_component>
      <object_component id="oc-699">
         <name>.const:_SlWlanSetModeCmdCtrl</name>
         <load_address>0x1b42a</load_address>
         <run_address>0x1b42a</run_address>
         <size>0x4</size>
         <input_file_ref idref="fl-20"/>
      </object_component>
      <object_component id="oc-912">
         <name>.cinit..data.load</name>
         <load_address>0x1b430</load_address>
         <run_address>0x1b430</run_address>
         <size>0x45</size>
      </object_component>
      <object_component id="oc-910">
         <name>__TI_handler_table</name>
         <load_address>0x1b478</load_address>
         <run_address>0x1b478</run_address>
         <size>0xc</size>
      </object_component>
      <object_component id="oc-913">
         <name>.cinit..bss.load</name>
         <load_address>0x1b488</load_address>
         <run_address>0x1b488</run_address>
         <size>0x8</size>
      </object_component>
      <object_component id="oc-911">
         <name>__TI_cinit_table</name>
         <load_address>0x1b490</load_address>
         <run_address>0x1b490</run_address>
         <size>0x10</size>
[...]
      </symbol>
      <symbol id="sm-1985">
         <name>PCM_getCoreVoltageLevel</name>
         <value>0x1a4df</value>
         <object_component_ref idref="oc-592"/>
      </symbol>
      <symbol id="sm-1986">
         <name>PCM_shutdownDevice</name>
         <value>0x19ea1</value>
         <object_component_ref idref="oc-428"/>
      </symbol>
      <symbol id="sm-1987">
         <name>PCM_setPowerState</name>
         <value>0x1a9fb</value>
         <object_component_ref idref="oc-129"/>
      </symbol>
      <symbol id="sm-1988">
         <name>PCM_getPowerMode</name>
         <value>0x1a50b</value>
         <object_component_ref idref="oc-58c"/>
      </symbol>
      <symbol id="sm-1989">
         <name>PCM_getPowerState</name>
         <value>0x1a9a9</value>
         <object_component_ref idref="oc-416"/>
      </symbol>
      <symbol id="sm-198a">
         <name>PCM_gotoLPM4</name>
         <value>0x1a8f3</value>
         <object_component_ref idref="oc-422"/>
      </symbol>
      <symbol id="sm-198b">
         <name>PCM_gotoLPM3</name>
         <value>0x1996d</value>
         <object_component_ref idref="oc-41c"/>
      </symbol>
      <symbol id="sm-198c">
         <name>PCM_gotoLPM0</name>
         <value>0x1a55d</value>
         <object_component_ref idref="oc-434"/>
      </symbol>
      <symbol id="sm-198d">
         <name>PCM_setPowerMode</name>
         <value>0x1a9f3</value>
         <object_component_ref idref="oc-598"/>
      </symbol>
      <symbol id="sm-199a">
         <name>RTC_C_holdClock</name>
         <value>0x1a689</value>
         <object_component_ref idref="oc-5c0"/>
      </symbol>
      <symbol id="sm-1a13">
         <name>EUSCI_B_SPI_isBusy</name>
         <value>0x1a711</value>
         <object_component_ref idref="oc-47b"/>
      </symbol>
      <symbol id="sm-1a14">
         <name>EUSCI_B_SPI_receiveData</name>
         <value>0x1aa19</value>
         <object_component_ref idref="oc-5fe"/>
      </symbol>
      <symbol id="sm-1a15">
         <name>EUSCI_B_SPI_enable</name>
         <value>0x1a983</value>
         <object_component_ref idref="oc-45f"/>
      </symbol>
      <symbol id="sm-1a16">
         <name>SPI_enableModule</name>
         <value>0x1a765</value>
         <object_component_ref idref="oc-2fe"/>
      </symbol>
      <symbol id="sm-1a17">
         <name>EUSCI_A_SPI_receiveData</name>
         <value>0x1aa13</value>
         <object_component_ref idref="oc-5f8"/>
      </symbol>
      <symbol id="sm-1a18">
         <name>EUSCI_A_SPI_transmitData</name>
         <value>0x1aa3b</value>
         <object_component_ref idref="oc-5eb"/>
      </symbol>
      <symbol id="sm-1a19">
         <name>EUSCI_B_SPI_transmitData</name>
         <value>0x1aa3f</value>
         <object_component_ref idref="oc-5e5"/>
      </symbol>
      <symbol id="sm-1a1a">
         <name>SPI_transmitData</name>
         <value>0x1a6f1</value>
         <object_component_ref idref="oc-475"/>
      </symbol>
      <symbol id="sm-1a1b">
         <name>EUSCI_A_SPI_enable</name>
         <value>0x1a977</value>
         <object_component_ref idref="oc-465"/>
      </symbol>
      <symbol id="sm-1a1c">
         <name>SPI_receiveData</name>
         <value>0x1a77f</value>
         <object_component_ref idref="oc-489"/>
      </symbol>
      <symbol id="sm-1a1d">
         <name>SPI_initMaster</name>
         <value>0x196d5</value>
         <object_component_ref idref="oc-2f8"/>
      </symbol>
      <symbol id="sm-1a50">
         <name>SysCtl_getNMISourceStatus</name>
         <value>0x1a9b5</value>
         <object_component_ref idref="oc-59f"/>
      </symbol>
      <symbol id="sm-1a51">
         <name>SysCtl_enableNMISource</name>
         <value>0x1a915</value>
         <object_component_ref idref="oc-5b1"/>
      </symbol>
      <symbol id="sm-1a52">
         <name>SysCtl_disableNMISource</name>
         <value>0x1a905</value>
         <object_component_ref idref="oc-5a5"/>
      </symbol>
      <symbol id="sm-1a53">
         <name>SysCtl_getTLVInfo</name>
         <value>0x19ef1</value>
         <object_component_ref idref="oc-5d3"/>
      </symbol>
      <symbol id="sm-1a5f">
         <name>SysTick_enableInterrupt</name>
         <value>0x1a899</value>
         <object_component_ref idref="oc-c6"/>
      </symbol>
      <symbol id="sm-1a8e">
         <name>UART_enableModule</name>
         <value>0x1a9c1</value>
         <object_component_ref idref="oc-3c3"/>
      </symbol>
      <symbol id="sm-1a8f">
         <name>UART_transmitData</name>
         <value>0x1a6ad</value>
         <object_component_ref idref="oc-3b7"/>
      </symbol>
      <symbol id="sm-1a90">
         <name>UART_initModule</name>
         <value>0x19641</value>
         <object_component_ref idref="oc-3bd"/>
      </symbol>
      <symbol id="sm-1aa6">
         <name>WDT_A_clearTimer</name>
         <value>0x1a7e5</value>
         <object_component_ref idref="oc-238"/>
      </symbol>
      <symbol id="sm-1aa7">
         <name>WDT_A_holdTimer</name>
         <value>0x1a7fd</value>
         <object_component_ref idref="oc-23e"/>
      </symbol>
      <symbol id="sm-1ab9">
         <name>CPU_wfi</name>
         <value>0x1aa37</value>
         <object_component_ref idref="oc-5b9"/>
      </symbol>
      <symbol id="sm-1aba">
         <name>CPU_cpsie</name>
         <value>0x1a96b</value>
         <object_component_ref idref="oc-2a0"/>
      </symbol>
      <symbol id="sm-1ae9">
         <name>snprintf</name>
         <value>0x1a071</value>
         <object_component_ref idref="oc-3c9"/>
      </symbol>
      <symbol id="sm-1af7">
         <name>__aeabi_ldivmod</name>
         <value>0x19b43</value>
         <object_component_ref idref="oc-540"/>
      </symbol>
      <symbol id="sm-1b04">
         <name>__aeabi_uldivmod</name>
         <value>0x195a9</value>
         <object_component_ref idref="oc-715"/>
      </symbol>
      <symbol id="sm-1b13">
         <name>__aeabi_memset</name>
         <value>0x199eb</value>
         <object_component_ref idref="oc-9b"/>
      </symbol>
      <symbol id="sm-1b14">
         <name>memset</name>
         <value>0x199f1</value>
         <object_component_ref idref="oc-9b"/>
      </symbol>
      <symbol id="sm-1b15">
         <name>__aeabi_memset8</name>
         <value>0x199eb</value>
         <object_component_ref idref="oc-9b"/>
      </symbol>
      <symbol id="sm-1b16">
         <name>__aeabi_memset4</name>
         <value>0x199eb</value>
         <object_component_ref idref="oc-9b"/>
      </symbol>
      <symbol id="sm-1b17">
         <name>__aeabi_memclr8</name>
         <value>0x199e9</value>
         <object_component_ref idref="oc-9b"/>
      </symbol>
      <symbol id="sm-1b18">
         <name>__aeabi_memclr4</name>
         <value>0x199e9</value>
         <object_component_ref idref="oc-9b"/>
      </symbol>
      <symbol id="sm-1b19">
         <name>__aeabi_memclr</name>
         <value>0x199e9</value>
         <object_component_ref idref="oc-9b"/>
      </symbol>
      <symbol id="sm-1b22">
         <name>__aeabi_lmul</name>
         <value>0x1a82d</value>
         <object_component_ref idref="oc-53b"/>
      </symbol>
      <symbol id="sm-1b3d">
         <name>memcpy</name>
         <value>0x1950d</value>
         <object_component_ref idref="oc-34"/>
      </symbol>
      <symbol id="sm-1b3e">
         <name>__aeabi_memcpy</name>
         <value>0x1950d</value>
         <object_component_ref idref="oc-34"/>
      </symbol>
      <symbol id="sm-1b3f">
         <name>__aeabi_memcpy8</name>
         <value>0x1950d</value>
         <object_component_ref idref="oc-34"/>
      </symbol>
      <symbol id="sm-1b40">
         <name>__aeabi_memcpy4</name>
         <value>0x1950d</value>
         <object_component_ref idref="oc-34"/>
      </symbol>
      <symbol id="sm-1b52">
         <name>__TI_zero_init</name>
         <value>0x1a9cd</value>
         <object_component_ref idref="oc-46"/>
      </symbol>
      <symbol id="sm-1b69">
         <name>__TI_decompress_none</name>
         <value>0x1a94f</value>
         <object_component_ref idref="oc-1a"/>
      </symbol>
      <symbol id="sm-1b8c">
         <name>__TI_decompress_lzss</name>
         <value>0x19bb1</value>
         <object_component_ref idref="oc-14"/>
      </symbol>
      <symbol id="sm-1b9a">
         <name>strlen</name>
         <value>0x1a8ad</value>
         <object_component_ref idref="oc-4bd"/>
      </symbol>
      <symbol id="sm-1bad">
         <name>__stack</name>
         <value>0x2000fe00</value>
         <object_component_ref idref="oc-26"/>
      </symbol>
      <symbol id="sm-1bae">
         <name>_c_int00_noargs</name>
         <value>0x1a3ed</value>
         <object_component_ref idref="oc-52"/>
      </symbol>
      <symbol id="sm-1d13">
         <name>__TI_printfi</name>
         <value>0x13ff9</value>
         <object_component_ref idref="oc-554"/>
      </symbol>
      <symbol id="sm-1d33">
         <name>frexpl</name>
         <value>0x19ce1</value>
         <object_component_ref idref="oc-863"/>
      </symbol>
      <symbol id="sm-1d34">
         <name>frexp</name>
         <value>0x19ce1</value>
         <object_component_ref idref="oc-863"/>
      </symbol>
      <symbol id="sm-1d51">
         <name>scalbn</name>
         <value>0x18c01</value>
         <object_component_ref idref="oc-869"/>
      </symbol>
      <symbol id="sm-1d52">
         <name>scalbnl</name>
         <value>0x18c01</value>
         <object_component_ref idref="oc-869"/>
      </symbol>
      <symbol id="sm-1d53">
         <name>ldexpl</name>
         <value>0x18c01</value>
         <object_component_ref idref="oc-869"/>
      </symbol>
      <symbol id="sm-1d54">
         <name>ldexp</name>
         <value>0x18c01</value>
         <object_component_ref idref="oc-869"/>
      </symbol>
      <symbol id="sm-1d5e">
         <name>__aeabi_idiv0</name>
         <value>0x14a47</value>
         <object_component_ref idref="oc-710"/>
      </symbol>
      <symbol id="sm-1d5f">
         <name>__aeabi_ldiv0</name>
         <value>0x14a47</value>
         <object_component_ref idref="oc-710"/>
      </symbol>
      <symbol id="sm-1d76">
         <name>__aeabi_dsub</name>
         <value>0x17e31</value>
         <object_component_ref idref="oc-843"/>
      </symbol>
      <symbol id="sm-1d77">
         <name>__aeabi_dadd</name>
         <value>0x17e3b</value>
         <object_component_ref idref="oc-843"/>
      </symbol>
      <symbol id="sm-1d99">
         <name>__aeabi_cdcmpeq</name>
         <value>0x1975d</value>
         <object_component_ref idref="oc-730"/>
      </symbol>
      <symbol id="sm-1d9a">
         <name>__aeabi_cdcmple</name>
         <value>0x1975d</value>
         <object_component_ref idref="oc-730"/>
      </symbol>
      <symbol id="sm-1d9b">
         <name>__aeabi_cdrcmple</name>
         <value>0x197e3</value>
         <object_component_ref idref="oc-82e"/>
      </symbol>
      <symbol id="sm-1daf">
         <name>__aeabi_ddiv</name>
         <value>0x18765</value>
         <object_component_ref idref="oc-829"/>
      </symbol>
      <symbol id="sm-1dba">
         <name>__aeabi_dmul</name>
         <value>0x18f13</value>
         <object_component_ref idref="oc-824"/>
      </symbol>
      <symbol id="sm-1dc4">
         <name>__aeabi_d2iz</name>
         <value>0x1a14d</value>
         <object_component_ref idref="oc-833"/>
      </symbol>
      <symbol id="sm-1dce">
         <name>__aeabi_i2d</name>
         <value>0x1a4b1</value>
         <object_component_ref idref="oc-83e"/>
      </symbol>
      <symbol id="sm-1df6">
         <name>__TI_auto_init_nobinit_nopinit</name>
         <value>0x1a195</value>
         <object_component_ref idref="oc-1e9"/>
      </symbol>
      <symbol id="sm-1e00">
         <name>_system_pre_init</name>
         <value>0x1aa47</value>
         <object_component_ref idref="oc-a1"/>
      </symbol>
      <symbol id="sm-1e0c">
         <name>C$$EXIT</name>
         <value>0x1aa4b</value>
         <object_component_ref idref="oc-1dd"/>
      </symbol>
      <symbol id="sm-1e0d">
         <name>abort</name>
         <value>0x1aa4b</value>
         <object_component_ref idref="oc-1dd"/>
      </symbol>
      <symbol id="sm-1e25">
         <name>atoi</name>
         <value>0x1a025</value>
         <object_component_ref idref="oc-724"/>
      </symbol>
      <symbol id="sm-1e30">
         <name>_ctypes_</name>
         <value>0x1b040</value>
         <object_component_ref idref="oc-81d"/>
      </symbol>
      <symbol id="sm-1e3f">
         <name>ltoa</name>
         <value>0x19dfb</value>
         <object_component_ref idref="oc-838"/>
      </symbol>
      <symbol id="sm-1e4f">
         <name>memccpy</name>
         <value>0x1a749</value>
         <object_component_ref idref="oc-74d"/>
      </symbol>
      <symbol id="sm-1e5f">
         <name>strchr</name>
         <value>0x1a845</value>
         <object_component_ref idref="oc-86f"/>
      </symbol>
      <symbol id="sm-1e75">
         <name>__aeabi_errno_addr</name>
         <value>0x1aa05</value>
         <object_component_ref idref="oc-759"/>
      </symbol>
      <symbol id="sm-1e76">
         <name>errno</name>
         <value>0x2000d730</value>
         <object_component_ref idref="oc-87f"/>
      </symbol>
      <symbol id="sm-1e8f">
         <name>wcslen</name>
         <value>0x1a8c1</value>
         <object_component_ref idref="oc-753"/>
      </symbol>
      <symbol id="sm-1e99">
         <name>copysign</name>
         <value>0x1a799</value>
         <object_component_ref idref="oc-8b7"/>
      </symbol>
      <symbol id="sm-1e9a">
         <name>copysignl</name>
         <value>0x1a799</value>
         <object_component_ref idref="oc-8b7"/>
      </symbol>
      <symbol id="sm-1e9b">
         <name>__TI_static_base__</name>
         <value>0x0</value>
      </symbol>
      <symbol id="sm-1e9e">
         <name>__mpu_init</name>
         <value>0x0</value>
      </symbol>
      <symbol id="sm-1e9f">
         <name>_system_post_cinit</name>
         <value>0x0</value>
      </symbol>
      <symbol id="sm-1ea0">
         <name>NMI_Handler</name>
         <value>0x1a969</value>
      </symbol>
      <symbol id="sm-1ea1">
         <name>HardFault_Handler</name>
         <value>0x1a969</value>
      </symbol>
      <symbol id="sm-1ea2">
         <name>MemManage_Handler</name>
         <value>0x1a969</value>
      </symbol>
      <symbol id="sm-1ea3">
         <name>BusFault_Handler</name>
         <value>0x1a969</value>
      </symbol>
      <symbol id="sm-1ea4">
         <name>UsageFault_Handler</name>
         <value>0x1a969</value>
      </symbol>
      <symbol id="sm-1ea5">
         <name>SVC_Handler</name>
         <value>0x1a969</value>
      </symbol>
      <symbol id="sm-1ea6">
         <name>DebugMon_Handler</name>
         <value>0x1a969</value>
      </symbol>
      <symbol id="sm-1ea7">
         <name>PendSV_Handler</name>
         <value>0x19f65</value>
      </symbol>
      <symbol id="sm-1ea8">
         <name>SysTick_Handler</name>
         <value>0x14b83</value>
      </symbol>
      <symbol id="sm-1ea9">
         <name>PSS_IRQHandler</name>
         <value>0x1a969</value>
      </symbol>
      <symbol id="sm-1eaa">
         <name>CS_IRQHandler</name>
         <value>0x1a969</value>
      </symbol>
      <symbol id="sm-1eab">
         <name>PCM_IRQHandler</name>
         <value>0x1a969</value>
      </symbol>
      <symbol id="sm-1eac">
         <name>WDT_A_IRQHandler</name>
         <value>0x1a969</value>
      </symbol>
      <symbol id="sm-1ead">
         <name>FPU_IRQHandler</name>
         <value>0x1a969</value>
      </symbol>
      <symbol id="sm-1eae">
         <name>FLCTL_IRQHandler</name>
         <value>0x1a969</value>
      </symbol>
      <symbol id="sm-1eaf">
         <name>COMP_E0_IRQHandler</name>
         <value>0x1a969</value>
      </symbol>
      <symbol id="sm-1eb0">
         <name>COMP_E1_IRQHandler</name>
         <value>0x1a969</value>
      </symbol>
      <symbol id="sm-1eb1">
         <name>TA0_0_IRQHandler</name>
         <value>0x1a969</value>
      </symbol>
      <symbol id="sm-1eb2">
         <name>TA0_N_IRQHandler</name>
         <value>0x1a969</value>
      </symbol>
      <symbol id="sm-1eb3">
         <name>TA1_0_IRQHandler</name>
         <value>0x1a969</value>
      </symbol>
      <symbol id="sm-1eb4">
         <name>TA1_N_IRQHandler</name>
         <value>0x1a969</value>
      </symbol>
      <symbol id="sm-1eb5">
         <name>TA2_0_IRQHandler</name>
         <value>0x1a969</value>
      </symbol>
      <symbol id="sm-1eb6">
         <name>TA2_N_IRQHandler</name>
         <value>0x1a969</value>
      </symbol>
      <symbol id="sm-1eb7">
         <name>TA3_0_IRQHandler</name>
         <value>0x1a969</value>
      </symbol>
      <symbol id="sm-1eb8">
         <name>TA3_N_IRQHandler</name>
         <value>0x1a969</value>
      </symbol>
      <symbol id="sm-1eb9">
         <name>EUSCIA0_IRQHandler</name>
         <value>0x16c7d</value>
      </symbol>
      <symbol id="sm-1eba">
         <name>EUSCIA1_IRQHandler</name>
         <value>0x1a969</value>
      </symbol>
      <symbol id="sm-1ebb">
         <name>EUSCIA2_IRQHandler</name>
         <value>0x1a969</value>
      </symbol>
      <symbol id="sm-1ebc">
         <name>EUSCIA3_IRQHandler</name>
         <value>0x1a969</value>
      </symbol>
      <symbol id="sm-1ebd">
         <name>EUSCIB0_IRQHandler</name>
         <value>0x1a969</value>
      </symbol>
      <symbol id="sm-1ebe">
         <name>EUSCIB1_IRQHandler</name>
         <value>0x168b5</value>
      </symbol>
      <symbol id="sm-1ebf">
         <name>EUSCIB2_IRQHandler</name>
         <value>0x1a969</value>
      </symbol>
      <symbol id="sm-1ec0">
         <name>EUSCIB3_IRQHandler</name>
         <value>0x1a969</value>
      </symbol>
      <symbol id="sm-1ec1">
         <name>ADC14_IRQHandler</name>
         <value>0x1a969</value>
      </symbol>
      <symbol id="sm-1ec2">
         <name>T32_INT1_IRQHandler</name>
         <value>0x1a969</value>
      </symbol>
      <symbol id="sm-1ec3">
         <name>T32_INT2_IRQHandler</name>
         <value>0x1a969</value>
      </symbol>
      <symbol id="sm-1ec4">
         <name>T32_INTC_IRQHandler</name>
         <value>0x1a969</value>
      </symbol>
      <symbol id="sm-1ec5">
         <name>AES256_IRQHandler</name>
         <value>0x1a969</value>
      </symbol>
      <symbol id="sm-1ec6">
         <name>RTC_C_IRQHandler</name>
         <value>0x1a969</value>
      </symbol>
      <symbol id="sm-1ec7">
         <name>DMA_ERR_IRQHandler</name>
         <value>0x1a969</value>
      </symbol>
      <symbol id="sm-1ec8">
         <name>DMA_INT3_IRQHandler</name>
         <value>0x1a969</value>
      </symbol>
      <symbol id="sm-1ec9">
         <name>DMA_INT2_IRQHandler</name>
         <value>0x1a969</value>
      </symbol>
      <symbol id="sm-1eca">
         <name>DMA_INT1_IRQHandler</name>
         <value>0x1a969</value>
      </symbol>
      <symbol id="sm-1ecb">
         <name>DMA_INT0_IRQHandler</name>
         <value>0x1a969</value>
      </symbol>
      <symbol id="sm-1ecc">
         <name>PORT1_IRQHandler</name>
         <value>0x16c2d</value>
      </symbol>
      <symbol id="sm-1ecd">
         <name>PORT2_IRQHandler</name>
         <value>0x16c57</value>
      </symbol>
      <symbol id="sm-1ece">
         <name>PORT3_IRQHandler</name>
         <value>0x1a969</value>
      </symbol>
      <symbol id="sm-1ecf">
         <name>PORT4_IRQHandler</name>
         <value>0x1a969</value>
      </symbol>
      <symbol id="sm-1ed0">
         <name>PORT5_IRQHandler</name>
         <value>0x1a969</value>
      </symbol>
      <symbol id="sm-1ed1">
         <name>PORT6_IRQHandler</name>
         <value>0x1a969</value>
      </symbol>
   </symbol_table>
   <title>Link successful</title>
</link_info>
