******************************************************************************
                  TI ARM Linker PC v18.12.2                    
******************************************************************************
>> Linked Mon Aug 17 15:16:10 2020

OUTPUT FILE NAME:   <Yerpers.out>
ENTRY POINT SYMBOL: "_c_int00_noargs"  address: 0001a3ed


MEMORY CONFIGURATION

         name            origin    length      used     unused   attr    fill
----------------------  --------  ---------  --------  --------  ----  --------
  MAIN                  00000000   00040000  0001b49c  00024b64  R  X
  INFO                  00200000   00004000  00000000  00004000  R  X
  SRAM_CODE             01000000   00010000  0000d936  000026ca  RW X
  SRAM_DATA             20000000   00010000  0000d936  000026ca  RW  


SEGMENT ALLOCATION MAP

run origin  load origin   length   init length attrs members
----------  ----------- ---------- ----------- ----- -------
00000000    00000000    0001b4a0   0001b4a0    r-x
  00000000    00000000    000000e4   000000e4    r-- .intvecs
  000000e4    000000e4    0001a96a   0001a96a    r-x .text
  0001aa50    0001aa50    000009de   000009de    r-- .const
  0001b430    0001b430    00000070   00000070    r-- .cinit
20000000    20000000    0000d738   00000000    rw-
  20000000    20000000    0000d2be   00000000    rw- .bss
  2000d2c0    2000d2c0    00000478   00000000    rw- .data
2000fe00    2000fe00    00000200   00000000    rw-
  2000fe00    2000fe00    00000200   00000000    rw- .stack


SECTION ALLOCATION MAP

 output                                  attributes/
section   page    origin      length       input sections
--------  ----  ----------  ----------   ----------------
.intvecs   0    00000000    000000e4     
                  00000000    000000e4     startup_msp432p401r_ccs.obj (.intvecs:retain)

.text      0    000000e4    0001a96a     
                  000000e4    0000d5e0     bmi160.obj (.text)
                  0000d6c4    00002024     driver.obj (.text)
                  0000f6e8    00001810     bme280.obj (.text)
                  00010ef8    00000ed4     socket.obj (.text)
                  00011dcc    00000c28     bmi160_support.obj (.text)
                  000129f4    00000b44     netapp.obj (.text)
                  00013538    00000ac0     wlan.obj (.text)
                  00013ff8    00000a4e     rtsv7M4_T_le_v4SPD16_eabi.lib : _printfi.c.obj (.text:__TI_printfi)
                  00014a46    00000002                                   : div0.asm.obj (.text)
                  00014a48    000009b0     G8RTOS_Scheduler.obj (.text)
                  000153f8    0000068c     cc3100_usage.obj (.text)
                  00015a84    000005e0     LCDLib.obj (.text)
                  00016064    000005b8     device.obj (.text)
                  0001661c    00000360     i2c_driver.obj (.text)
                  0001697c    00000350     board.obj (.text)
                  00016ccc    00000334     system_msp432p401r.obj (.text)
                  00017000    000002e0     bme280_support.obj (.text)
                  000172e0    000002cc     BackChannelUart.obj (.text)
                  000175ac    00000270     rtsv7M4_T_le_v4SPD16_eabi.lib : _printfi.c.obj (.text:_pconv_a)
                  0001781c    00000234     tmp007.obj (.text)
                  00017a50    00000210     spi_cc3100.obj (.text)
                  00017c60    000001d0     rtsv7M4_T_le_v4SPD16_eabi.lib : _printfi.c.obj (.text:_pconv_g)
                  00017e30    000001b6                                   : fd_add_t2.asm.obj (.text)
                  00017fe6    00000002     --HOLE-- [fill = 0]
                  00017fe8    000001ac     RGBLeds.obj (.text)
                  00018194    000001a0     msp432p4xx_driverlib.lib : pcm.o (.text:__PCM_setPowerStateAdvanced)
                  00018334    0000017c     Game.obj (.text)
                  000184b0    00000178     Joystick.obj (.text)
                  00018628    0000013c     rtsv7M4_T_le_v4SPD16_eabi.lib : _printfi.c.obj (.text:_pconv_e)
                  00018764    00000136                                   : fd_div_t2.asm.obj (.text)
                  0001889a    00000002     --HOLE-- [fill = 0]
                  0001889c    00000130     nonos.obj (.text)
                  000189cc    00000124     rtsv7M4_T_le_v4SPD16_eabi.lib : _printfi.c.obj (.text:fcvt)
                  00018af0    00000110     netcfg.obj (.text)
                  00018c00    00000110     rtsv7M4_T_le_v4SPD16_eabi.lib : s_scalbn.c.obj (.text:scalbn)
                  00018d10    00000104     msp432p4xx_driverlib.lib : cs.o (.text:CS_getDCOFrequency)
                  00018e14    000000fe     opt3001.obj (.text)
                  00018f12    000000fc     rtsv7M4_T_le_v4SPD16_eabi.lib : fd_mul_t2.asm.obj (.text)
                  0001900e    00000002     --HOLE-- [fill = 0]
                  00019010    000000e0     msp432p4xx_driverlib.lib : cs.o (.text:CS_initClockSignal)
                  000190f0    000000dc                              : pcm.o (.text:__PCM_setPowerModeAdvanced)
                  000191cc    000000b1     rtsv7M4_T_le_v4SPD16_eabi.lib : _printfi.c.obj (.text:_ltostr)
                  0001927d    00000003     --HOLE-- [fill = 0]
                  00019280    000000b0     msp432p4xx_driverlib.lib : pcm.o (.text:__PCM_setCoreVoltageLevelAdvanced)
                  00019330    000000a4     LCDLib.obj (.text:PutChar)
                  000193d4    0000009c     msp432p4xx_driverlib.lib : cs.o (.text:CS_startHFXTWithTimeout)
                  00019470    0000009c                              : cs.o (.text:_CSComputeCLKFrequency)
                  0001950c    0000009c     rtsv7M4_T_le_v4SPD16_eabi.lib : memcpy_t2.asm.obj (.text)
                  000195a8    00000096                                   : ull_div_t2.asm.obj (.text)
                  0001963e    00000002     --HOLE-- [fill = 0]
                  00019640    00000094     msp432p4xx_driverlib.lib : uart.o (.text:UART_initModule)
                  000196d4    00000088                              : spi.o (.text:SPI_initMaster)
                  0001975c    00000086     rtsv7M4_T_le_v4SPD16_eabi.lib : fd_cmp_t2.asm.obj (.text:__aeabi_cdcmple)
                  000197e2    00000086                                   : fd_cmp_t2.asm.obj (.text:__aeabi_cdrcmple)
                  00019868    00000084     ClockSys.obj (.text)
                  000198ec    00000080     flowcont.obj (.text)
                  0001996c    0000007c     msp432p4xx_driverlib.lib : pcm.o (.text:PCM_gotoLPM3)
                  000199e8    0000007a     rtsv7M4_T_le_v4SPD16_eabi.lib : memset_t2.asm.obj (.text)
                  00019a62    00000002     --HOLE-- [fill = 0]
                  00019a64    00000070     msp432p4xx_driverlib.lib : cs.o (.text:_CSGetHFXTFrequency)
                  00019ad4    0000006e     rtsv7M4_T_le_v4SPD16_eabi.lib : _printfi.c.obj (.text:_mcpy)
                  00019b42    0000006e                                   : ll_div_t2.asm.obj (.text)
                  00019bb0    00000068                                   : copy_decompress_lzss.c.obj (.text:decompress:lzss:__TI_decompress_lzss)
                  00019c18    00000064     msp432p4xx_driverlib.lib : interrupt.o (.text:Interrupt_disableInterrupt)
                  00019c7c    00000064                              : interrupt.o (.text:Interrupt_enableInterrupt)
                  00019ce0    00000064     rtsv7M4_T_le_v4SPD16_eabi.lib : s_frexp.c.obj (.text:frexp)
                  00019d44    00000060     LCDLib.obj (.text:LCD_ReadData2)
                  00019da4    00000056     rtsv7M4_T_le_v4SPD16_eabi.lib : _printfi.c.obj (.text:_pconv_f)
                  00019dfa    00000054                                   : ltoa.c.obj (.text:ltoa)
                  00019e4e    00000052                                   : _printfi.c.obj (.text:_ecpy)
                  00019ea0    00000050     msp432p4xx_driverlib.lib : pcm.o (.text:PCM_shutdownDevice)
                  00019ef0    00000050                              : sysctl.o (.text:SysCtl_getTLVInfo)
                  00019f40    0000004c     G8RTOS_SchedulerASM.obj (.text)
                  00019f8c    0000004c     msp432p4xx_driverlib.lib : gpio.o (.text:GPIO_setAsPeripheralModuleFunctionOutputPin)
                  00019fd8    0000004c                              : cs.o (.text:_CSGetDOCFrequency)
                  0001a024    0000004c     rtsv7M4_T_le_v4SPD16_eabi.lib : atoi.c.obj (.text:atoi)
                  0001a070    0000004c                                   : snprintf.c.obj (.text:snprintf)
                  0001a0bc    00000048     msp432p4xx_driverlib.lib : gpio.o (.text:GPIO_setAsPeripheralModuleFunctionInputPin)
                  0001a104    00000048                              : cs.o (.text:_CSGetDividerValue)
                  0001a14c    00000048     rtsv7M4_T_le_v4SPD16_eabi.lib : fd_toi_t2.asm.obj (.text)
                  0001a194    00000044                                   : autoinit.c.obj (.text:__TI_auto_init_nobinit_nopinit:__TI_auto_init_nobinit_nopinit)
                  0001a1d8    00000040     AsciiLib.obj (.text)
                  0001a218    00000040     LCDLib.obj (.text:LCD_WriteData)
                  0001a258    0000003e     msp432p4xx_driverlib.lib : i2c.o (.text:I2C_initMaster)
                  0001a296    0000003e     rtsv7M4_T_le_v4SPD16_eabi.lib : _printfi.c.obj (.text:_fcpy)
                  0001a2d4    0000003c     LCDLib.obj (.text:LCD_Write_Data_Only)
                  0001a310    0000003c     main.obj (.text)
                  0001a34c    00000038     msp432p4xx_driverlib.lib : i2c.o (.text:I2C_masterSendMultiByteStart)
                  0001a384    00000034     BSP.obj (.text)
                  0001a3b8    00000034     LCDLib.obj (.text:LCD_WriteIndex)
                  0001a3ec    00000034     rtsv7M4_T_le_v4SPD16_eabi.lib : boot_cortex_m.c.obj (.text:_c_int00_noargs:_c_int00_noargs)
                  0001a420    00000030     msp432p4xx_driverlib.lib : i2c.o (.text:I2C_masterSendMultiByteStop)
                  0001a450    00000030     rtsv7M4_T_le_v4SPD16_eabi.lib : snprintf.c.obj (.text:_outs)
                  0001a480    00000030     msp432p4xx_driverlib.lib : spi.o (.text:is_A_Module)
                  0001a4b0    0000002e     rtsv7M4_T_le_v4SPD16_eabi.lib : i_tofd_t2.asm.obj (.text)
                  0001a4de    0000002c     msp432p4xx_driverlib.lib : pcm.o (.text:PCM_getCoreVoltageLevel)
                  0001a50a    0000002a                              : pcm.o (.text:PCM_getPowerMode)
                  0001a534    00000028                              : flash.o (.text:FlashCtl_setWaitState)
                  0001a55c    00000028                              : pcm.o (.text:PCM_gotoLPM0)
                  0001a584    00000028     LCDLib.obj (.text:SPISendRecvByte)
                  0001a5ac    00000026     demo_sysctl.obj (.text)
                  0001a5d2    00000002     --HOLE-- [fill = 0]
                  0001a5d4    00000024     msp432p4xx_driverlib.lib : cs.o (.text:CS_clearInterruptFlag)
                  0001a5f8    00000024                              : cs.o (.text:CS_setDCOCenteredFrequency)
                  0001a61c    00000024                              : gpio.o (.text:GPIO_setAsOutputPin)
                  0001a640    00000024                              : i2c.o (.text:I2C_masterSendMultiByteNext)
                  0001a664    00000024                              : interrupt.o (.text:Interrupt_setPriority)
                  0001a688    00000024                              : rtc_c.o (.text:RTC_C_holdClock)
                  0001a6ac    00000024                              : uart.o (.text:UART_transmitData)
                  0001a6d0    00000020     LCDLib.obj (.text:LCD_SetCursor)
                  0001a6f0    00000020     msp432p4xx_driverlib.lib : spi.o (.text:SPI_transmitData)
                  0001a710    0000001c                              : spi.o (.text:EUSCI_B_SPI_isBusy)
                  0001a72c    0000001c     LCDLib.obj (.text:LCD_WriteReg)
                  0001a748    0000001c     rtsv7M4_T_le_v4SPD16_eabi.lib : memccpy.c.obj (.text:memccpy)
                  0001a764    0000001a     msp432p4xx_driverlib.lib : spi.o (.text:SPI_enableModule)
                  0001a77e    0000001a                              : spi.o (.text:SPI_receiveData)
                  0001a798    0000001a     rtsv7M4_T_le_v4SPD16_eabi.lib : s_copysign.c.obj (.text:copysign)
                  0001a7b2    00000002     --HOLE-- [fill = 0]
                  0001a7b4    00000018     msp432p4xx_driverlib.lib : cs.o (.text:CS_getMCLK)
                  0001a7cc    00000018                              : cs.o (.text:CS_getSMCLK)
                  0001a7e4    00000018                              : wdt_a.o (.text:WDT_A_clearTimer)
                  0001a7fc    00000018                              : wdt_a.o (.text:WDT_A_holdTimer)
                  0001a814    00000018     rtsv7M4_T_le_v4SPD16_eabi.lib : snprintf.c.obj (.text:_outc)
                  0001a82c    00000018                                   : ll_mul_t2.asm.obj (.text)
                  0001a844    00000016                                   : strchr.c.obj (.text:strchr)
                  0001a85a    00000002     --HOLE-- [fill = 0]
                  0001a85c    00000014     msp432p4xx_driverlib.lib : cs.o (.text:CS_setExternalClockSourceFrequency)
                  0001a870    00000014                              : gpio.o (.text:GPIO_setOutputHighOnPin)
                  0001a884    00000014                              : i2c.o (.text:I2C_isBusBusy)
                  0001a898    00000014                              : systick.o (.text:SysTick_enableInterrupt)
                  0001a8ac    00000014     rtsv7M4_T_le_v4SPD16_eabi.lib : strlen.c.obj (.text:strlen)
                  0001a8c0    00000012                                   : wcslen.c.obj (.text:wcslen)
                  0001a8d2    00000010     msp432p4xx_driverlib.lib : i2c.o (.text:I2C_masterReceiveStart)
                  0001a8e2    00000010                              : interrupt.o (.text:Interrupt_enableMaster)
                  0001a8f2    00000010                              : pcm.o (.text:PCM_gotoLPM4)
                  0001a902    00000002     --HOLE-- [fill = 0]
                  0001a904    00000010                              : sysctl.o (.text:SysCtl_disableNMISource)
                  0001a914    00000010                              : sysctl.o (.text:SysCtl_enableNMISource)
                  0001a924    0000000e     G8RTOS_CriticalSection.obj (.text)
                  0001a932    0000000e     msp432p4xx_driverlib.lib : i2c.o (.text:I2C_clearInterruptFlag)
                  0001a940    0000000e                              : i2c.o (.text:I2C_disableInterrupt)
                  0001a94e    0000000e     rtsv7M4_T_le_v4SPD16_eabi.lib : copy_decompress_none.c.obj (.text:decompress:none:__TI_decompress_none)
                  0001a95c    0000000e     startup_msp432p401r_ccs.obj (.text)
                  0001a96a    0000000c     msp432p4xx_driverlib.lib : cpu.o (.text:CPU_cpsie)
                  0001a976    0000000c                              : spi.o (.text:EUSCI_A_SPI_enable)
                  0001a982    0000000c                              : spi.o (.text:EUSCI_B_SPI_enable)
                  0001a98e    0000000c                              : i2c.o (.text:I2C_disableModule)
                  0001a99a    0000000c                              : i2c.o (.text:I2C_enableModule)
                  0001a9a6    00000002     --HOLE-- [fill = 0]
                  0001a9a8    0000000c                              : pcm.o (.text:PCM_getPowerState)
                  0001a9b4    0000000c                              : sysctl.o (.text:SysCtl_getNMISourceStatus)
                  0001a9c0    0000000c                              : uart.o (.text:UART_enableModule)
                  0001a9cc    0000000c     rtsv7M4_T_le_v4SPD16_eabi.lib : copy_zero_init.c.obj (.text:decompress:ZI:__TI_zero_init)
                  0001a9d8    0000000a     LCDLib.obj (.text:LCD_Write_Data_Start)
                  0001a9e2    00000008     msp432p4xx_driverlib.lib : i2c.o (.text:I2C_enableInterrupt)
                  0001a9ea    00000008                              : pcm.o (.text:PCM_setCoreVoltageLevel)
                  0001a9f2    00000008                              : pcm.o (.text:PCM_setPowerMode)
                  0001a9fa    00000008                              : pcm.o (.text:PCM_setPowerState)
                  0001aa02    00000002     --HOLE-- [fill = 0]
                  0001aa04    00000008     rtsv7M4_T_le_v4SPD16_eabi.lib : errno.c.obj (.text:__aeabi_errno_addr)
                  0001aa0c    00000006     msp432p4xx_driverlib.lib : cs.o (.text:CS_startHFXT)
                  0001aa12    00000006                              : spi.o (.text:EUSCI_A_SPI_receiveData)
                  0001aa18    00000006                              : spi.o (.text:EUSCI_B_SPI_receiveData)
                  0001aa1e    00000006                              : i2c.o (.text:I2C_getEnabledInterruptStatus)
                  0001aa24    00000006                              : i2c.o (.text:I2C_getInterruptStatus)
                  0001aa2a    00000006                              : i2c.o (.text:I2C_masterReceiveMultiByteNext)
                  0001aa30    00000006     demo_sysctl.obj (.text:SysCtlDelay)
                  0001aa36    00000004     msp432p4xx_driverlib.lib : cpu.o (.text:CPU_wfi)
                  0001aa3a    00000004                              : spi.o (.text:EUSCI_A_SPI_transmitData)
                  0001aa3e    00000004                              : spi.o (.text:EUSCI_B_SPI_transmitData)
                  0001aa42    00000004                              : i2c.o (.text:I2C_setSlaveAddress)
                  0001aa46    00000004     rtsv7M4_T_le_v4SPD16_eabi.lib : pre_init.c.obj (.text:_system_pre_init)
                  0001aa4a    00000004                                   : exit.c.obj (.text:abort:abort)

.const     0    0001aa50    000009de     
                  0001aa50    000005f0     AsciiLib.obj (.const:AsciiLib)
                  0001b040    00000101     rtsv7M4_T_le_v4SPD16_eabi.lib : ctype.c.obj (.const:.string:_ctypes_)
                  0001b141    00000003     bmi160.obj (.const:.string:INVALID_OFFSET)
                  0001b144    000000b0     wlan.obj (.const:$P$T0$1)
                  0001b1f4    00000050     msp432p4xx_driverlib.lib : interrupt.o (.const:g_pulRegs)
                  0001b244    00000040                              : interrupt.o (.const)
                  0001b284    00000038     driver.obj (.const:_SlActionLookupTable)
                  0001b2bc    0000002c     cc3100_usage.obj (.const:$P$T0$1)
                  0001b2e8    00000024     BackChannelUart.obj (.const:backChannelUart115200Config)
                  0001b30c    0000001c     LCDLib.obj (.const:spiMasterConfig)
                  0001b328    00000014     cc3100_usage.obj (.const:$P$T1$2)
                  0001b33c    0000000c     cc3100_usage.obj (.const:$P$T2$3)
                  0001b348    0000000c     bmi160.obj (.const:yas532_version_ac_coef)
                  0001b354    00000008     driver.obj (.const:g_H2NCnysPattern)
                  0001b35c    00000008     driver.obj (.const:g_H2NSyncPattern)
                  0001b364    00000008     bmi160.obj (.const:v_calib_data$2)
                  0001b36c    00000005     bme280_support.obj (.const:.string:$P$T0$1)
                  0001b371    00000005     bmi160.obj (.const:.string:v_correct_u8$1)
                  0001b376    00000004     driver.obj (.const:$P$T0$1)
                  0001b37a    00000004     netapp.obj (.const:$P$T0$1)
                  0001b37e    00000004     socket.obj (.const:$P$T0$1)
                  0001b382    00000004     socket.obj (.const:$P$T1$2)
                  0001b386    00000004     wlan.obj (.const:$P$T1$2)
                  0001b38a    00000004     socket.obj (.const:$P$T2$3)
                  0001b38e    00000004     wlan.obj (.const:$P$T2$3)
                  0001b392    00000004     wlan.obj (.const:$P$T3$4)
                  0001b396    00000004     socket.obj (.const:_SlAcceptCmdCtrl)
                  0001b39a    00000004     device.obj (.const:_SlDeviceGetCmdCtrl)
                  0001b39e    00000004     device.obj (.const:_SlDeviceSetCmdCtrl)
                  0001b3a2    00000004     device.obj (.const:_SlEventMaskGetCmdCtrl)
                  0001b3a6    00000004     device.obj (.const:_SlEventMaskSetCmdCtrl)
                  0001b3aa    00000004     netapp.obj (.const:_SlGetHostByNameCtrl)
                  0001b3ae    00000004     netapp.obj (.const:_SlGetHostByServiceCtrl)
                  0001b3b2    00000004     netapp.obj (.const:_SlGetServiceListeCtrl)
                  0001b3b6    00000004     socket.obj (.const:_SlGetSockOptCmdCtrl)
                  0001b3ba    00000004     socket.obj (.const:_SlListenCmdCtrl)
                  0001b3be    00000004     netapp.obj (.const:_SlNetAppGetCmdCtrl)
                  0001b3c2    00000004     netapp.obj (.const:_SlNetAppSendTokenValueCmdCtrl)
                  0001b3c6    00000004     netapp.obj (.const:_SlNetAppSetCmdCtrl)
                  0001b3ca    00000004     netapp.obj (.const:_SlNetAppStartCtrl)
                  0001b3ce    00000004     netapp.obj (.const:_SlNetAppStopCtrl)
                  0001b3d2    00000004     netcfg.obj (.const:_SlNetCfgGetCmdCtrl)
                  0001b3d6    00000004     netcfg.obj (.const:_SlNetCfgSetCmdCtrl)
                  0001b3da    00000004     wlan.obj (.const:_SlPolicyGetCmdCtrl)
                  0001b3de    00000004     wlan.obj (.const:_SlPolicySetCmdCtrl)
                  0001b3e2    00000004     wlan.obj (.const:_SlProfileDelCmdCtrl)
                  0001b3e6    00000004     wlan.obj (.const:_SlProfileGetCmdCtrl)
                  0001b3ea    00000004     socket.obj (.const:_SlRecvCmdCtrl)
                  0001b3ee    00000004     socket.obj (.const:_SlRecvfomCmdCtrl)
                  0001b3f2    00000004     netapp.obj (.const:_SlRegisterServiceCtrl)
                  0001b3f6    00000004     wlan.obj (.const:_SlRxFilterAddtCmdCtrl)
                  0001b3fa    00000004     wlan.obj (.const:_SlRxFilterGetCmdCtrl)
                  0001b3fe    00000004     wlan.obj (.const:_SlRxFilterSetCmdCtrl)
                  0001b402    00000004     socket.obj (.const:_SlSelectCmdCtrl)
                  0001b406    00000004     socket.obj (.const:_SlSendCmdCtrl)
                  0001b40a    00000004     socket.obj (.const:_SlSetSockOptCmdCtrl)
                  0001b40e    00000004     wlan.obj (.const:_SlSmartConfigStartCmdCtrl)
                  0001b412    00000004     socket.obj (.const:_SlSockCloseCmdCtrl)
                  0001b416    00000004     socket.obj (.const:_SlSockSocketCmdCtrl)
                  0001b41a    00000004     device.obj (.const:_SlStopCmdCtrl)
                  0001b41e    00000004     wlan.obj (.const:_SlWlanCfgGetCmdCtrl)
                  0001b422    00000004     wlan.obj (.const:_SlWlanCfgSetCmdCtrl)
                  0001b426    00000004     wlan.obj (.const:_SlWlanGetNetworkListCtrl)
                  0001b42a    00000004     wlan.obj (.const:_SlWlanSetModeCmdCtrl)

.cinit     0    0001b430    00000070     
                  0001b430    00000045     (.cinit..data.load) [load image, compression = lzss]
                  0001b475    00000003     --HOLE-- [fill = 0]
                  0001b478    0000000c     (__TI_handler_table)
                  0001b484    00000004     --HOLE-- [fill = 0]
                  0001b488    00000008     (.cinit..bss.load) [load image, compression = zero_init]
                  0001b490    00000010     (__TI_cinit_table)

.init_array 
*          0    00000000    00000000     UNINITIALIZED

.binit     0    00000000    00000000     

.bss       0    20000000    0000d2be     UNINITIALIZED
                  20000000    0000c000     G8RTOS_Scheduler.obj (.bss:threadStacks)
                  2000c000    00000420     G8RTOS_Scheduler.obj (.bss:threadControlBlocks)
                  2000c420    0000036c     (.common:accel_fifo)
                  2000c78c    0000036c     (.common:gyro_fifo)
                  2000caf8    0000036c     (.common:mag_fifo)
                  2000ce64    00000164     (.common:g_StatMem)
                  2000cfc8    00000100     BackChannelUart.obj (.bss:backChannelStringBuff)
                  2000d0c8    00000090     G8RTOS_Scheduler.obj (.bss:Pthread)
                  2000d158    00000070     bmi160.obj (.bss:yas532_data)
                  2000d1c8    0000003c     (.common:bme280)
                  2000d204    00000028     (.common:g__SlNonOsCB)
                  2000d22c    00000014     (.common:s_bmi160)
                  2000d240    00000010     bmi160.obj (.bss:mag_trim)
                  2000d250    0000000c     (.common:gamestate)
                  2000d25c    0000000c     (.common:packet)
                  2000d268    0000000c     (.common:packet_buffer)
                  2000d274    0000000a     G8RTOS_Scheduler.obj (.bss)
                  2000d27e    00000006     (.common:accelxyz)
                  2000d284    00000006     (.common:gyroxyz)
                  2000d28a    00000002     tmp007.obj (.bss)
                  2000d28c    00000004     bme280.obj (.bss)
                  2000d290    00000004     bmi160.obj (.bss)
                  2000d294    00000004     tmp007.obj (.bss:buf)
                  2000d298    00000004     cc3100_usage.obj (.bss)
                  2000d29c    00000004     (.common:ButtonFunction)
                  2000d2a0    00000004     (.common:CurrentlyRunningThread)
                  2000d2a4    00000004     (.common:SystemTime)
                  2000d2a8    00000004     (.common:g_ui32ByteCount)
                  2000d2ac    00000004     (.common:hfxtFreq)
                  2000d2b0    00000004     (.common:lfxtFreq)
                  2000d2b4    00000004     (.common:pData)
                  2000d2b8    00000003     bmi160.obj (.bss:akm_asa_data)
                  2000d2bb    00000001     (.common:IntIsMasked)
                  2000d2bc    00000001     (.common:ui8DummyRead)
                  2000d2bd    00000001     (.common:ui8Status)

.data      0    2000d2c0    00000478     UNINITIALIZED
                  2000d2c0    00000400     bmi160.obj (.data:v_fifo_data_u8)
                  2000d6c0    00000030     msp432p4xx_driverlib.lib : gpio.o (.data:GPIO_PORT_TO_BASE)
                  2000d6f0    00000014     cc3100_usage.obj (.data)
                  2000d704    00000014     i2c_driver.obj (.data:i2cConfig)
                  2000d718    00000009     driver.obj (.data)
                  2000d721    00000001     i2c_driver.obj (.data)
                  2000d722    00000002     --HOLE--
                  2000d724    00000008     bmi160.obj (.data)
                  2000d72c    00000004     board.obj (.data)
                  2000d730    00000004     rtsv7M4_T_le_v4SPD16_eabi.lib : errno.c.obj (.data)
                  2000d734    00000004     system_msp432p401r.obj (.data)

.stack     0    2000fe00    00000200     UNINITIALIZED
                  2000fe00    00000004     rtsv7M4_T_le_v4SPD16_eabi.lib : boot_cortex_m.c.obj (.stack)
                  2000fe04    000001fc     --HOLE--

MODULE SUMMARY

       Module                        code     ro data   rw data
       ------                        ----     -------   -------
    .\
       LCDLib.obj                    2050     28        0      
       system_msp432p401r.obj        820      0         8      
       Game.obj                      380      0         72     
       startup_msp432p401r_ccs.obj   14       228       0      
       main.obj                      60       0         0      
    +--+-----------------------------+--------+---------+---------+
       Total:                        3324     256       80     
                                                               
    .\BoardSupportPackage\src\
       bmi160.obj                    54752    28        7590   
       bme280.obj                    6160     0         8      
       bmi160_support.obj            3112     0         64     
       AsciiLib.obj                  64       1520      0      
       BackChannelUart.obj           716      36        512    
       i2c_driver.obj                864      0         62     
       bme280_support.obj            736      5         120    
       tmp007.obj                    564      0         12     
       RGBLeds.obj                   428      0         0      
       Joystick.obj                  376      0         8      
       opt3001.obj                   254      0         0      
       ClockSys.obj                  132      0         0      
       BSP.obj                       52       0         0      
       demo_sysctl.obj               44       0         0      
    +--+-----------------------------+--------+---------+---------+
       Total:                        68254    1589      8376   
                                                               
    .\CC3100SupportPackage\board\
       board.obj                     848      0         10     
    +--+-----------------------------+--------+---------+---------+
       Total:                        848      0         10     
                                                               
    .\CC3100SupportPackage\cc3100_usage\
       cc3100_usage.obj              1676     76        48     
    +--+-----------------------------+--------+---------+---------+
       Total:                        1676     76        48     
                                                               
    .\CC3100SupportPackage\simplelink\source\
       driver.obj                    8228     76        730    
       socket.obj                    3796     52        0      
       wlan.obj                      2752     236       0      
       netapp.obj                    2884     40        0      
       device.obj                    1464     20        0      
       nonos.obj                     304      0         80     
       netcfg.obj                    272      8         0      
       flowcont.obj                  128      0         0      
    +--+-----------------------------+--------+---------+---------+
       Total:                        19828    432       810    
                                                               
    .\CC3100SupportPackage\spi_cc3100\
       spi_cc3100.obj                528      0         0      
    +--+-----------------------------+--------+---------+---------+
       Total:                        528      0         0      
                                                               
    .\G8RTOS\
       G8RTOS_Scheduler.obj          2480     0         100740 
       G8RTOS_SchedulerASM.obj       76       0         0      
       G8RTOS_CriticalSection.obj    14       0         0      
    +--+-----------------------------+--------+---------+---------+
       Total:                        2570     0         100740 
                                                               
    ../BoardSupportPackage/DriverLib/msp432p4xx_driverlib.lib
       cs.o                          1202     0         16     
       pcm.o                         1194     0         0      
       interrupt.o                   252      144       0      
       spi.o                         340      0         0      
       i2c.o                         320      0         0      
       gpio.o                        204      0         96     
       uart.o                        196      0         0      
       sysctl.o                      124      0         0      
       wdt_a.o                       48       0         0      
       flash.o                       40       0         0      
       rtc_c.o                       36       0         0      
       systick.o                     20       0         0      
       cpu.o                         16       0         0      
    +--+-----------------------------+--------+---------+---------+
       Total:                        3992     144       112    
                                                               
    C:\ti\ccs910\ccs\tools\compiler\ti-cgt-arm_18.12.2.LTS\lib\rtsv7M4_T_le_v4SPD16_eabi.lib
       _printfi.c.obj                4851     0         0      
       fd_add_t2.asm.obj             438      0         0      
       fd_div_t2.asm.obj             310      0         0      
       s_scalbn.c.obj                272      0         0      
       fd_cmp_t2.asm.obj             268      0         0      
       ctype.c.obj                   0        257       0      
       fd_mul_t2.asm.obj             252      0         0      
       memcpy_t2.asm.obj             156      0         0      
       ull_div_t2.asm.obj            150      0         0      
       snprintf.c.obj                148      0         0      
       memset_t2.asm.obj             122      0         0      
       ll_div_t2.asm.obj             110      0         0      
       copy_decompress_lzss.c.obj    104      0         0      
       s_frexp.c.obj                 100      0         0      
       ltoa.c.obj                    84       0         0      
       atoi.c.obj                    76       0         0      
       fd_toi_t2.asm.obj             72       0         0      
       autoinit.c.obj                68       0         0      
       boot_cortex_m.c.obj           52       0         0      
       i_tofd_t2.asm.obj             46       0         0      
       memccpy.c.obj                 28       0         0      
       s_copysign.c.obj              26       0         0      
       ll_mul_t2.asm.obj             24       0         0      
       strchr.c.obj                  22       0         0      
       strlen.c.obj                  20       0         0      
       wcslen.c.obj                  18       0         0      
       errno.c.obj                   8        0         8      
       copy_decompress_none.c.obj    14       0         0      
       copy_zero_init.c.obj          12       0         0      
       exit.c.obj                    4        0         0      
       pre_init.c.obj                4        0         0      
       div0.asm.obj                  2        0         0      
    +--+-----------------------------+--------+---------+---------+
       Total:                        7861     257       8      
                                                               
       Stack:                        0        0         1024   
       Linker Generated:             0        105       0      
    +--+-----------------------------+--------+---------+---------+
       Grand Total:                  108881   2859      111208 


LINKER GENERATED COPY TABLES

__TI_cinit_table @ 0001b490 records: 2, size/record: 8, table size: 16
	.data: load addr=0001b430, load size=00000045 bytes, run addr=2000d2c0, run size=00000478 bytes, compression=lzss
	.bss: load addr=0001b488, load size=00000008 bytes, run addr=20000000, run size=0000d2be bytes, compression=zero_init


LINKER GENERATED HANDLER TABLE

__TI_handler_table @ 0001b478 records: 3, size/record: 4, table size: 12
	index: 0, handler: __TI_decompress_lzss
	index: 1, handler: __TI_decompress_none
	index: 2, handler: __TI_zero_init


GLOBAL SYMBOLS: SORTED ALPHABETICALLY BY Name 

address   name                                                  
-------   ----                                                  
0001a969  ADC14_IRQHandler                                      
0001a969  AES256_IRQHandler                                     
000171a1  BME280_I2C_bus_read                                   
00017175  BME280_I2C_bus_write                                  
000171cd  BME280_SPI_bus_read                                   
00017233  BME280_SPI_bus_write                                  
000172a3  BME280_delay_msek                                     
0001a385  BSP_InitBoard                                         
00017385  BackChannelEventTrigger                               
000172ff  BackChannelInit                                       
0001739d  BackChannelOpt3001PrintRaw                            
0001731b  BackChannelPrint                                      
00017367  BackChannelPrintIntVariable                           
000173df  BackupChannelBmi160PrintAccel                         
0001740b  BackupChannelBmi160PrintGyro                          
00017437  BackupChannelBmi160PrintMag                           
000173b9  BackupChannelTmp007PrintRaw                           
0001a969  BusFault_Handler                                      
2000d29c  ButtonFunction                                        
0001aa4b  C$$EXIT                                               
000169d3  CC3100_InterruptDisable                               
000169a9  CC3100_InterruptEnable                                
00016991  CC3100_disable                                        
0001699d  CC3100_enable                                         
0001a969  COMP_E0_IRQHandler                                    
0001a969  COMP_E1_IRQHandler                                    
0001a96b  CPU_cpsie                                             
0001aa37  CPU_wfi                                               
0001a969  CS_IRQHandler                                         
0001a5d5  CS_clearInterruptFlag                                 
00018d11  CS_getDCOFrequency                                    
0001a7b5  CS_getMCLK                                            
0001a7cd  CS_getSMCLK                                           
00019011  CS_initClockSignal                                    
0001a5f9  CS_setDCOCenteredFrequency                            
0001a85d  CS_setExternalClockSourceFrequency                    
0001aa0d  CS_startHFXT                                          
000193d5  CS_startHFXTWithTimeout                               
000198d7  ClockSys_GetSysFreq                                   
00019869  ClockSys_SetMaxFreq                                   
00013055  CopyPingResultsToReport                               
0001841b  CreateGame                                            
2000d2a0  CurrentlyRunningThread                                
0001a969  DMA_ERR_IRQHandler                                    
0001a969  DMA_INT0_IRQHandler                                   
0001a969  DMA_INT1_IRQHandler                                   
0001a969  DMA_INT2_IRQHandler                                   
0001a969  DMA_INT3_IRQHandler                                   
0001a969  DebugMon_Handler                                      
0001a969  Default_Handler                                       
00016c2f  Delay                                                 
0001a5ad  DelayMs                                               
00018591  Disable_Joystick_Interrupt                            
00016c7d  EUSCIA0_IRQHandler                                    
00016c7d  EUSCIA0_IRQHandler                                    
0001a969  EUSCIA1_IRQHandler                                    
0001a969  EUSCIA2_IRQHandler                                    
0001a969  EUSCIA3_IRQHandler                                    
0001a969  EUSCIB0_IRQHandler                                    
000168b5  EUSCIB1_IRQHandler                                    
000168b5  EUSCIB1_IRQHandler                                    
0001a969  EUSCIB2_IRQHandler                                    
0001a969  EUSCIB3_IRQHandler                                    
0001a977  EUSCI_A_SPI_enable                                    
0001aa13  EUSCI_A_SPI_receiveData                               
0001aa3b  EUSCI_A_SPI_transmitData                              
0001a983  EUSCI_B_SPI_enable                                    
0001a711  EUSCI_B_SPI_isBusy                                    
0001aa19  EUSCI_B_SPI_receiveData                               
0001aa3f  EUSCI_B_SPI_transmitData                              
0001a92d  EndCriticalSection                                    
0001a969  FLCTL_IRQHandler                                      
0001a969  FPU_IRQHandler                                        
0001a535  FlashCtl_setWaitState                                 
000150d5  G8RTOS_AddAperiodicEvent                              
00014fb5  G8RTOS_AddPeriodicEvent                               
00014d21  G8RTOS_AddThread                                      
00015175  G8RTOS_GetThreadId                                    
00014c29  G8RTOS_Init                                           
00015371  G8RTOS_KillAllThreads                                 
000152fd  G8RTOS_KillSelf                                       
000151c9  G8RTOS_KillThread                                     
00014c5b  G8RTOS_Launch                                         
00014b1d  G8RTOS_Scheduler                                      
00015145  G8RTOS_Sleep                                          
00019f45  G8RTOS_Start                                          
0001a61d  GPIO_setAsOutputPin                                   
0001a0bd  GPIO_setAsPeripheralModuleFunctionInputPin            
00019f8d  GPIO_setAsPeripheralModuleFunctionOutputPin           
0001a871  GPIO_setOutputHighOnPin                               
0001a1d9  GetASCIICode                                          
000185a7  GetJoystickCoordinates                                
00016b7b  GetLEDStatus                                          
0001a969  HardFault_Handler                                     
0001a933  I2C_clearInterruptFlag                                
0001a941  I2C_disableInterrupt                                  
0001a98f  I2C_disableModule                                     
0001a9e3  I2C_enableInterrupt                                   
0001a99b  I2C_enableModule                                      
0001aa1f  I2C_getEnabledInterruptStatus                         
0001aa25  I2C_getInterruptStatus                                
0001a259  I2C_initMaster                                        
0001a885  I2C_isBusBusy                                         
0001aa2b  I2C_masterReceiveMultiByteNext                        
0001a8d3  I2C_masterReceiveStart                                
0001a641  I2C_masterSendMultiByteNext                           
0001a34d  I2C_masterSendMultiByteStart                          
0001a421  I2C_masterSendMultiByteStop                           
00017143  I2C_routine                                           
0001aa43  I2C_setSlaveAddress                                   
2000d2bb  IntIsMasked                                           
00019c19  Interrupt_disableInterrupt                            
00019c7d  Interrupt_enableInterrupt                             
0001a8e3  Interrupt_enableMaster                                
0001a665  Interrupt_setPriority                                 
000183a1  JoinGame                                              
000184dd  Joystick_Init_Without_Interrupt                       
0001853b  Joystick_Push_Button_Init_With_Interrupt              
00015c91  LCD_Clear                                             
00015b21  LCD_DrawRectangle                                     
00015d5d  LCD_Init                                              
00019d45  LCD_ReadData2                                         
0001a6d1  LCD_SetCursor                                         
00015d03  LCD_SetPoint                                          
00015bf7  LCD_Text                                              
0001a219  LCD_WriteData                                         
0001a3b9  LCD_WriteIndex                                        
0001a72d  LCD_WriteReg                                          
0001a2d5  LCD_Write_Data_Only                                   
0001a9d9  LCD_Write_Data_Start                                  
00017fe9  LP3943_ColorSet                                       
00018019  LP3943_LedModeSet                                     
000169f1  MaskIntHdlr                                           
0001a969  MemManage_Handler                                     
0001a969  NMI_Handler                                           
0001a969  PCM_IRQHandler                                        
0001a4df  PCM_getCoreVoltageLevel                               
0001a50b  PCM_getPowerMode                                      
0001a9a9  PCM_getPowerState                                     
0001a55d  PCM_gotoLPM0                                          
0001996d  PCM_gotoLPM3                                          
0001a8f3  PCM_gotoLPM4                                          
0001a9eb  PCM_setCoreVoltageLevel                               
0001a9f3  PCM_setPowerMode                                      
0001a9fb  PCM_setPowerState                                     
00019ea1  PCM_shutdownDevice                                    
00016c2d  PORT1_IRQHandler                                      
00016c2d  PORT1_IRQHandler                                      
00016c57  PORT2_IRQHandler                                      
00016c57  PORT2_IRQHandler                                      
0001a969  PORT3_IRQHandler                                      
0001a969  PORT4_IRQHandler                                      
0001a969  PORT5_IRQHandler                                      
0001a969  PORT6_IRQHandler                                      
0001a969  PSS_IRQHandler                                        
00019f65  PendSV_Handler                                        
00019f65  PendSV_Handler                                        
00019331  PutChar                                               
0001a969  RTC_C_IRQHandler                                      
0001a689  RTC_C_holdClock                                       
00016027  ReadPixelColor                                        
00015979  ReceiveData                                           
0001a95d  Reset_Handler                                         
00011ccf  SL_FD_CLR                                             
00011cf5  SL_FD_ISSET                                           
00011cad  SL_FD_SET                                             
00011d1d  SL_FD_ZERO                                            
0001a585  SPISendRecvByte                                       
0001a765  SPI_enableModule                                      
000196d5  SPI_initMaster                                        
0001a77f  SPI_receiveData                                       
0001715f  SPI_routine                                           
0001a6f1  SPI_transmitData                                      
0001a969  SVC_Handler                                           
00016be9  SelAntenna                                            
00015959  SendData                                              
00015a3d  SimpleLinkGeneralEventHandler                         
00015a31  SimpleLinkHttpServerCallback                          
000159f9  SimpleLinkNetAppEventHandler                          
00015a47  SimpleLinkSockEventHandler                            
000159a5  SimpleLinkWlanEventHandler                            
2000d700  SockIDRx                                              
2000d702  SockIDTx                                              
0001a925  StartCriticalSection                                  
0001aa31  SysCtlDelay                                           
0001a905  SysCtl_disableNMISource                               
0001a915  SysCtl_enableNMISource                                
0001a9b5  SysCtl_getNMISourceStatus                             
00019ef1  SysCtl_getTLVInfo                                     
00014b83  SysTick_Handler                                       
00014b83  SysTick_Handler                                       
0001a899  SysTick_enableInterrupt                               
2000d734  SystemCoreClock                                       
00016ccd  SystemCoreClockUpdate                                 
00016f45  SystemInit                                            
2000d2a4  SystemTime                                            
0001a969  T32_INT1_IRQHandler                                   
0001a969  T32_INT2_IRQHandler                                   
0001a969  T32_INTC_IRQHandler                                   
0001a969  TA0_0_IRQHandler                                      
0001a969  TA0_N_IRQHandler                                      
0001a969  TA1_0_IRQHandler                                      
0001a969  TA1_N_IRQHandler                                      
0001a969  TA2_0_IRQHandler                                      
0001a969  TA2_N_IRQHandler                                      
0001a969  TA3_0_IRQHandler                                      
0001a969  TA3_N_IRQHandler                                      
00015f85  TP_ReadXY                                             
0001a9c1  UART_enableModule                                     
00019641  UART_initModule                                       
0001a6ad  UART_transmitData                                     
000169f9  UnMaskIntHdlr                                         
0001a969  UsageFault_Handler                                    
2000d724  V_bmm150_maual_auto_condition_u8                      
2000d728  V_fifo_time_U32                                       
4000480c  WDTCTL_SYM                                            
0001a969  WDT_A_IRQHandler                                      
0001a7e5  WDT_A_clearTimer                                      
0001a7fd  WDT_A_holdTimer                                       
0001b396  _SlAcceptCmdCtrl                                      
0001b284  _SlActionLookupTable                                  
0000e591  _SlAsyncEventGenericHandler                           
0001b39a  _SlDeviceGetCmdCtrl                                   
0001b39e  _SlDeviceSetCmdCtrl                                   
0000efa3  _SlDrvBasicCmd                                        
0000ec57  _SlDrvClassifyRxMsg                                   
0000d88f  _SlDrvCmdOp                                           
0000d93f  _SlDrvCmdSend                                         
0000d995  _SlDrvDataReadOp                                      
0000db99  _SlDrvDataWriteOp                                     
0001659b  _SlDrvDeviceEventHandler                              
0000d7a9  _SlDrvDriverCBDeinit                                  
0000d6c5  _SlDrvDriverCBInit                                    
0001992b  _SlDrvFlowContDeinit                                  
000198ed  _SlDrvFlowContInit                                    
0000df5d  _SlDrvMsgRead                                         
0000ea75  _SlDrvMsgReadCmdCtx                                   
0000eb6f  _SlDrvMsgReadSpawnCtx                                 
0000dd69  _SlDrvMsgWrite                                        
00013425  _SlDrvNetAppEventHandler                              
0000f497  _SlDrvObjDeInit                                       
0000f41b  _SlDrvObjInit                                         
0000f211  _SlDrvReleasePoolObj                                  
0000ed9d  _SlDrvRxHdrRead                                       
0000d84d  _SlDrvRxIrqHandler                                    
0000ed55  _SlDrvShiftDWord                                      
0000f009  _SlDrvWaitForPoolObj                                  
0001b3a2  _SlEventMaskGetCmdCtrl                                
0001b3a6  _SlEventMaskSetCmdCtrl                                
0000f579  _SlFindAndSetActiveObj                                
0001b3aa  _SlGetHostByNameCtrl                                  
0001b3ae  _SlGetHostByServiceCtrl                               
0001b3b2  _SlGetServiceListeCtrl                                
0001b3b6  _SlGetSockOptCmdCtrl                                  
0001b3ba  _SlListenCmdCtrl                                      
0001b3be  _SlNetAppGetCmdCtrl                                   
0001b3c2  _SlNetAppSendTokenValueCmdCtrl                        
0001b3c6  _SlNetAppSetCmdCtrl                                   
0001b3ca  _SlNetAppStartCtrl                                    
0001b3ce  _SlNetAppStopCtrl                                     
0001b3d2  _SlNetCfgGetCmdCtrl                                   
0001b3d6  _SlNetCfgSetCmdCtrl                                   
00018961  _SlNonOsMainLoopTask                                  
000188b5  _SlNonOsSemGet                                        
0001889d  _SlNonOsSemSet                                        
00018911  _SlNonOsSpawn                                         
0001b3da  _SlPolicyGetCmdCtrl                                   
0001b3de  _SlPolicySetCmdCtrl                                   
0001b3e2  _SlProfileDelCmdCtrl                                  
0001b3e6  _SlProfileGetCmdCtrl                                  
0001b3ea  _SlRecvCmdCtrl                                        
0001b3ee  _SlRecvfomCmdCtrl                                     
0001b3f2  _SlRegisterServiceCtrl                                
0000f4b7  _SlRemoveFromList                                     
0001b3f6  _SlRxFilterAddtCmdCtrl                                
0001b3fa  _SlRxFilterGetCmdCtrl                                 
0001b3fe  _SlRxFilterSetCmdCtrl                                 
0001b402  _SlSelectCmdCtrl                                      
0001b406  _SlSendCmdCtrl                                        
0001b40a  _SlSetSockOptCmdCtrl                                  
0001b40e  _SlSmartConfigStartCmdCtrl                            
0001b412  _SlSockCloseCmdCtrl                                   
0001b416  _SlSockSocketCmdCtrl                                  
0001b41a  _SlStopCmdCtrl                                        
0001b41e  _SlWlanCfgGetCmdCtrl                                  
0001b422  _SlWlanCfgSetCmdCtrl                                  
0001b426  _SlWlanGetNetworkListCtrl                             
0001b42a  _SlWlanSetModeCmdCtrl                                 
20010000  __STACK_END                                           
00000200  __STACK_SIZE                                          
0001b490  __TI_CINIT_Base                                       
0001b4a0  __TI_CINIT_Limit                                      
0001b478  __TI_Handler_Table_Base                               
0001b484  __TI_Handler_Table_Limit                              
0001a195  __TI_auto_init_nobinit_nopinit                        
00019bb1  __TI_decompress_lzss                                  
0001a94f  __TI_decompress_none                                  
ffffffff  __TI_pprof_out_hndl                                   
00013ff9  __TI_printfi                                          
ffffffff  __TI_prof_data_size                                   
ffffffff  __TI_prof_data_start                                  
00000000  __TI_static_base__                                    
0001a9cd  __TI_zero_init                                        
0001975d  __aeabi_cdcmpeq                                       
0001975d  __aeabi_cdcmple                                       
000197e3  __aeabi_cdrcmple                                      
0001a14d  __aeabi_d2iz                                          
00017e3b  __aeabi_dadd                                          
00018765  __aeabi_ddiv                                          
00018f13  __aeabi_dmul                                          
00017e31  __aeabi_dsub                                          
0001aa05  __aeabi_errno_addr                                    
0001a4b1  __aeabi_i2d                                           
00014a47  __aeabi_idiv0                                         
00014a47  __aeabi_ldiv0                                         
00019b43  __aeabi_ldivmod                                       
0001a82d  __aeabi_lmul                                          
000199e9  __aeabi_memclr                                        
000199e9  __aeabi_memclr4                                       
000199e9  __aeabi_memclr8                                       
0001950d  __aeabi_memcpy                                        
0001950d  __aeabi_memcpy4                                       
0001950d  __aeabi_memcpy8                                       
000199eb  __aeabi_memset                                        
000199eb  __aeabi_memset4                                       
000199eb  __aeabi_memset8                                       
000195a9  __aeabi_uldivmod                                      
ffffffff  __binit__                                             
ffffffff  __c_args__                                            
UNDEFED   __mpu_init                                            
2000fe00  __stack                                               
0001a3ed  _c_int00_noargs                                       
0001b040  _ctypes_                                              
00010ef9  _sl_BuildAddress                                      
00016065  _sl_GetStartResponseConvert                           
0001190d  _sl_HandleAsync_Accept                                
00011507  _sl_HandleAsync_Connect                               
00012e3d  _sl_HandleAsync_DnsGetHostByAddr                      
00012f91  _sl_HandleAsync_DnsGetHostByName                      
00012d6d  _sl_HandleAsync_DnsGetHostByService                   
000161c9  _sl_HandleAsync_InitComplete                          
00013091  _sl_HandleAsync_PingResponse                          
00011d35  _sl_HandleAsync_Select                                
0001627b  _sl_HandleAsync_Stop                                  
00011011  _sl_ParseAddress                                      
00010f49  _sl_TruncatePayloadByProtocol                         
UNDEFED   _system_post_cinit                                    
0001aa47  _system_pre_init                                      
0001aa4b  abort                                                 
2000c420  accel_fifo                                            
2000d27e  accelxyz                                              
0001a025  atoi                                                  
ffffffff  binit                                                 
2000d1c8  bme280                                                
0000fa27  bme280_compensate_humidity_int32                      
0000fadd  bme280_compensate_humidity_int32_sixteen_bit_output   
0000f8a1  bme280_compensate_pressure_int32                      
00010c65  bme280_compensate_pressure_int64                      
00010e67  bme280_compensate_pressure_int64_twentyfour_bit_output
0000f79f  bme280_compensate_temperature_int32                   
0000f817  bme280_compensate_temperature_int32_sixteen_bit_output
00010e81  bme280_compute_wait_time                              
00017001  bme280_data_readout_template                          
0000fbf7  bme280_get_calib_param                                
000106b7  bme280_get_filter                                     
00010a1b  bme280_get_forced_uncomp_pressure_temperature_humidity
00010113  bme280_get_oversamp_humidity                          
0000ff5b  bme280_get_oversamp_pressure                          
0000fd99  bme280_get_oversamp_temperature                       
00010301  bme280_get_power_mode                                 
00010509  bme280_get_spi3                                       
0001086b  bme280_get_standby_durn                               
0000f6e9  bme280_init                                           
000170ed  bme280_initialize_sensor                              
0000fb97  bme280_read_pressure_temperature_humidity             
00010c1f  bme280_read_register                                  
0000f9d1  bme280_read_uncomp_humidity                           
0000f841  bme280_read_uncomp_pressure                           
0000fb05  bme280_read_uncomp_pressure_temperature_humidity      
0000f73f  bme280_read_uncomp_temperature                        
00010707  bme280_set_filter                                     
0001016d  bme280_set_oversamp_humidity                          
0000ffb7  bme280_set_oversamp_pressure                          
0000fdf5  bme280_set_oversamp_temperature                       
0001034f  bme280_set_power_mode                                 
000104c9  bme280_set_soft_rst                                   
00010557  bme280_set_spi3                                       
000108bb  bme280_set_standby_durn                               
00010bd9  bme280_write_register                                 
00007511  bmi160_accel_foc_trigger_xyz                          
0000ac11  bmi160_bmm150_mag_compensate_X                        
0000acbb  bmi160_bmm150_mag_compensate_Y                        
0000ad65  bmi160_bmm150_mag_compensate_Z                        
0000abb5  bmi160_bmm150_mag_compensate_xyz                      
0000ae05  bmi160_bmm150_mag_interface_init                      
0000b2a7  bmi160_bmm150_mag_set_power_mode                      
0000b0b1  bmi160_bmm150_mag_wakeup                              
0000c00d  bmi160_bst_akm_compensate_X                           
0000c03f  bmi160_bst_akm_compensate_Y                           
0000c071  bmi160_bst_akm_compensate_Z                           
0000c0a3  bmi160_bst_akm_compensate_xyz                         
0000bc05  bmi160_bst_akm_mag_interface_init                     
0000c0f1  bmi160_bst_akm_set_powermode                          
0000caa1  bmi160_bst_yamaha_yas532_calib_values                 
0000c47b  bmi160_bst_yamaha_yas532_mag_interface_init           
0000d4e1  bmi160_bst_yas532_acquisition_command_register        
0000c911  bmi160_bst_yas532_magnetic_measure_set_offset         
0000d069  bmi160_bst_yas532_measurement_xyz_data                
0000cef5  bmi160_bst_yas532_normal_measurement_data             
0000c7b1  bmi160_bst_yas532_set_initial_values                  
0000d5a5  bmi160_bst_yas532_set_offset                          
0000ce59  bmi160_bst_yas532_xy1y2_to_linear                     
000095c1  bmi160_clear_step_counter                             
00011e09  bmi160_config_running_mode                            
000129b9  bmi160_delay_ms                                       
00001805  bmi160_fifo_data                                      
000017a5  bmi160_fifo_length                                    
0000191d  bmi160_get_accel_bw                                   
00000e21  bmi160_get_accel_data_rdy                             
000021f7  bmi160_get_accel_fifo_filter_data                     
000086ab  bmi160_get_accel_offset_compensation_xaxis            
00008791  bmi160_get_accel_offset_compensation_yaxis            
0000887b  bmi160_get_accel_offset_compensation_zaxis            
00008edb  bmi160_get_accel_offset_enable                        
0000183f  bmi160_get_accel_output_data_rate                     
00000481  bmi160_get_accel_power_mode_stat                      
00001ad9  bmi160_get_accel_range                                
0000829d  bmi160_get_accel_selftest_amp                         
000080e7  bmi160_get_accel_selftest_axis                        
000081bf  bmi160_get_accel_selftest_sign                        
000019ff  bmi160_get_accel_under_sampling_parameter             
00000d85  bmi160_get_data_rdy_mag                               
000002b5  bmi160_get_drop_cmd_err                               
00000219  bmi160_get_err_code                                   
00000351  bmi160_get_error_status                               
000001cd  bmi160_get_fatal_err                                  
000028a5  bmi160_get_fifo_accel_enable                          
0000212f  bmi160_get_fifo_down_accel                            
00001f87  bmi160_get_fifo_down_gyro                             
00002985  bmi160_get_fifo_gyro_enable                           
000026f1  bmi160_get_fifo_header_enable                         
000027cb  bmi160_get_fifo_mag_enable                            
0000235f  bmi160_get_fifo_stop_on_full                          
000025ff  bmi160_get_fifo_tag_intr1_enable                      
00002511  bmi160_get_fifo_tag_intr2_enable                      
00002437  bmi160_get_fifo_time_enable                           
000022d1  bmi160_get_fifo_wm                                    
000070db  bmi160_get_foc_accel_x                                
00007001  bmi160_get_foc_accel_y                                
00006f3b  bmi160_get_foc_accel_z                                
0000775b  bmi160_get_foc_gyro_enable                            
00000ce5  bmi160_get_foc_rdy                                    
00001ce5  bmi160_get_gyro_bw                                    
00000dd3  bmi160_get_gyro_data_rdy                              
00002055  bmi160_get_gyro_fifo_filter_data                      
00008961  bmi160_get_gyro_offset_compensation_xaxis             
00008b31  bmi160_get_gyro_offset_compensation_yaxis             
00008d09  bmi160_get_gyro_offset_compensation_zaxis             
00008fab  bmi160_get_gyro_offset_enable                         
00001bc9  bmi160_get_gyro_output_data_rate                      
00000433  bmi160_get_gyro_power_mode_stat                       
00001dbf  bmi160_get_gyro_range                                 
00000c49  bmi160_get_gyro_selftest                              
00008377  bmi160_get_gyro_selftest_start                        
00007f33  bmi160_get_gyro_sleep_state                           
00007d7b  bmi160_get_gyro_sleep_trigger                         
0000800d  bmi160_get_gyro_wakeup_intr                           
00007e53  bmi160_get_gyro_wakeup_trigger                        
00002a5f  bmi160_get_i2c_device_addr                            
00000267  bmi160_get_i2c_fail_err                               
00007bc7  bmi160_get_i2c_wdt_enable                             
00007ae7  bmi160_get_i2c_wdt_select                             
00007ca1  bmi160_get_if_mode                                    
000041f3  bmi160_get_input_enable                               
000046ed  bmi160_get_intr_any_motion                            
00005dbf  bmi160_get_intr_any_motion_durn                       
00005f53  bmi160_get_intr_any_motion_thres                      
00005519  bmi160_get_intr_data_rdy                              
00004a31  bmi160_get_intr_double_tap                            
00003ae5  bmi160_get_intr_edge_ctrl                             
00002f23  bmi160_get_intr_enable_0                              
00003393  bmi160_get_intr_enable_1                              
000037fb  bmi160_get_intr_enable_2                              
000051fd  bmi160_get_intr_fifo_full                             
00005389  bmi160_get_intr_fifo_wm                               
00004ee1  bmi160_get_intr_flat                                  
00006d83  bmi160_get_intr_flat_hold                             
00006e63  bmi160_get_intr_flat_hyst                             
00006cab  bmi160_get_intr_flat_theta                            
00004561  bmi160_get_intr_high_g                                
00005cb3  bmi160_get_intr_high_g_durn                           
00005beb  bmi160_get_intr_high_g_hyst                           
00005d39  bmi160_get_intr_high_g_thres                          
00003c6d  bmi160_get_intr_level                                 
0000437f  bmi160_get_intr_low_g                                 
00005937  bmi160_get_intr_low_g_durn                            
00005a43  bmi160_get_intr_low_g_hyst                            
00005b11  bmi160_get_intr_low_g_mode                            
000059bd  bmi160_get_intr_low_g_thres                           
0000577f  bmi160_get_intr_low_high_source                       
0000585d  bmi160_get_intr_motion_source                         
000048a5  bmi160_get_intr_nomotion                              
00004d4f  bmi160_get_intr_orient                                
00006bd1  bmi160_get_intr_orient_axes_enable                    
00006879  bmi160_get_intr_orient_blocking                       
00006953  bmi160_get_intr_orient_hyst                           
0000679b  bmi160_get_intr_orient_mode                           
00006a1b  bmi160_get_intr_orient_theta                          
00006af3  bmi160_get_intr_orient_ud_enable                      
00003dff  bmi160_get_intr_output_type                           
0000506d  bmi160_get_intr_pmu_trig                              
000062f1  bmi160_get_intr_significant_motion_proof              
0000613d  bmi160_get_intr_significant_motion_select             
00006217  bmi160_get_intr_significant_motion_skip               
00004bc3  bmi160_get_intr_single_tap                            
00005e8b  bmi160_get_intr_slow_no_motion_durn                   
0000605f  bmi160_get_intr_slow_no_motion_select                 
00005fd9  bmi160_get_intr_slow_no_motion_thres                  
000063cb  bmi160_get_intr_tap_durn                              
000065fb  bmi160_get_intr_tap_quiet                             
00006521  bmi160_get_intr_tap_shock                             
000056a5  bmi160_get_intr_tap_source                            
000066d5  bmi160_get_intr_tap_thres                             
0000411b  bmi160_get_latch_intr                                 
00002b27  bmi160_get_mag_burst                                  
00000303  bmi160_get_mag_dada_rdy_err                           
00002cb9  bmi160_get_mag_manual_enable                          
00000c97  bmi160_get_mag_manual_operation_stat                  
00002bed  bmi160_get_mag_offset                                 
00001e97  bmi160_get_mag_output_data_rate                       
000003e1  bmi160_get_mag_power_mode_stat                        
00002d91  bmi160_get_mag_read_addr                              
00002e17  bmi160_get_mag_write_addr                             
00002e9d  bmi160_get_mag_write_data                             
000085e3  bmi160_get_nvm_counter                                
00007935  bmi160_get_nvm_prog_enable                            
00000d33  bmi160_get_nvm_rdy                                    
00003f8b  bmi160_get_output_enable                              
00009701  bmi160_get_paging_enable                              
0000d6ab  bmi160_get_ptr                                        
000097db  bmi160_get_pullup_configuration                       
00000bed  bmi160_get_sensor_time                                
00008517  bmi160_get_spare0_trim                                
00007a0f  bmi160_get_spi3                                       
00008451  bmi160_get_spi_enable                                 
00000f09  bmi160_get_stat0_any_motion_intr                      
00000fa5  bmi160_get_stat0_double_tap_intr                      
00001095  bmi160_get_stat0_flat_intr                            
00001041  bmi160_get_stat0_orient_intr                          
00000f57  bmi160_get_stat0_pmu_trigger_intr                     
00000ebb  bmi160_get_stat0_significant_intr                     
00000ff3  bmi160_get_stat0_single_tap_intr                      
00000e6f  bmi160_get_stat0_step_intr                            
0000117f  bmi160_get_stat1_data_rdy_intr                        
000011cd  bmi160_get_stat1_fifo_full_intr                       
0000121b  bmi160_get_stat1_fifo_wm_intr                         
000010e3  bmi160_get_stat1_high_g_intr                          
00001131  bmi160_get_stat1_low_g_intr                           
00001269  bmi160_get_stat1_nomotion_intr                        
000012b7  bmi160_get_stat2_any_motion_first_x                   
00001303  bmi160_get_stat2_any_motion_first_y                   
00001351  bmi160_get_stat2_any_motion_first_z                   
000013a5  bmi160_get_stat2_any_motion_sign                      
000013f3  bmi160_get_stat2_tap_first_x                          
00001441  bmi160_get_stat2_tap_first_y                          
0000148f  bmi160_get_stat2_tap_first_z                          
000014dd  bmi160_get_stat2_tap_sign                             
00001703  bmi160_get_stat3_flat                                 
0000152b  bmi160_get_stat3_high_g_first_x                       
00001577  bmi160_get_stat3_high_g_first_y                       
000015c5  bmi160_get_stat3_high_g_first_z                       
00001613  bmi160_get_stat3_high_g_sign                          
00001661  bmi160_get_stat3_orient_xy                            
000016b5  bmi160_get_stat3_orient_z                             
000090c7  bmi160_get_step_config                                
00009299  bmi160_get_step_counter_enable                        
00003a15  bmi160_get_step_detector_enable                       
00009627  bmi160_get_target_page                                
00001751  bmi160_get_temp                                       
0001291f  bmi160_i2c_burst_read                                 
000128f3  bmi160_i2c_bus_read                                   
00012951  bmi160_i2c_bus_write                                  
000000e5  bmi160_init                                           
00011dcd  bmi160_initialize_sensor                              
00012841  bmi160_interrupt_configuration                        
000093f1  bmi160_map_significant_motion_intr                    
000094d9  bmi160_map_step_detector_intr                         
00000a7d  bmi160_read_accel_x                                   
00000b79  bmi160_read_accel_xyz                                 
00000ad1  bmi160_read_accel_y                                   
00000b25  bmi160_read_accel_z                                   
0000b761  bmi160_read_bmm150_mag_trim                           
0000bf25  bmi160_read_bst_akm_sensitivity_data                  
000098b9  bmi160_read_fifo_header_data                          
0000a289  bmi160_read_fifo_headerless_mode                      
00000909  bmi160_read_gyro_x                                    
00000a05  bmi160_read_gyro_xyz                                  
0000095d  bmi160_read_gyro_y                                    
000009b1  bmi160_read_gyro_z                                    
000006d9  bmi160_read_mag_r                                     
000004cf  bmi160_read_mag_x                                     
00000743  bmi160_read_mag_xyz                                   
0000084d  bmi160_read_mag_xyzr                                  
0000057d  bmi160_read_mag_y                                     
0000062b  bmi160_read_mag_z                                     
00000189  bmi160_read_reg                                       
00009073  bmi160_read_step_count                                
0000196b  bmi160_set_accel_bw                                   
00002245  bmi160_set_accel_fifo_filter_data                     
000071b9  bmi160_set_accel_foc_trigger                          
000086f7  bmi160_set_accel_offset_compensation_xaxis            
000087dd  bmi160_set_accel_offset_compensation_yaxis            
000088c7  bmi160_set_accel_offset_compensation_zaxis            
00008f29  bmi160_set_accel_offset_enable                        
0000188b  bmi160_set_accel_output_data_rate                     
00001b25  bmi160_set_accel_range                                
000082eb  bmi160_set_accel_selftest_amp                         
00008133  bmi160_set_accel_selftest_axis                        
00008211  bmi160_set_accel_selftest_sign                        
00001a4d  bmi160_set_accel_under_sampling_parameter             
0000b181  bmi160_set_bmm150_mag_and_secondary_if_power_mode     
0000b405  bmi160_set_bmm150_mag_presetmode                      
0000c315  bmi160_set_bst_akm_and_secondary_if_powermode         
000095ed  bmi160_set_command_register                           
000028f3  bmi160_set_fifo_accel_enable                          
0000217d  bmi160_set_fifo_down_accel                            
00001fd3  bmi160_set_fifo_down_gyro                             
000029d3  bmi160_set_fifo_gyro_enable                           
0000273f  bmi160_set_fifo_header_enable                         
00002819  bmi160_set_fifo_mag_enable                            
000023ab  bmi160_set_fifo_stop_on_full                          
00002651  bmi160_set_fifo_tag_intr1_enable                      
0000255f  bmi160_set_fifo_tag_intr2_enable                      
00002485  bmi160_set_fifo_time_enable                           
00002325  bmi160_set_fifo_wm                                    
00007129  bmi160_set_foc_accel_x                                
0000704f  bmi160_set_foc_accel_y                                
00006f87  bmi160_set_foc_accel_z                                
000077a9  bmi160_set_foc_gyro_enable                            
00001d33  bmi160_set_gyro_bw                                    
000020a3  bmi160_set_gyro_fifo_filter_data                      
00008a15  bmi160_set_gyro_offset_compensation_xaxis             
00008bed  bmi160_set_gyro_offset_compensation_yaxis             
00008dbf  bmi160_set_gyro_offset_compensation_zaxis             
00008ff9  bmi160_set_gyro_offset_enable                         
00001c15  bmi160_set_gyro_output_data_rate                      
00001e0b  bmi160_set_gyro_range                                 
000083c5  bmi160_set_gyro_selftest_start                        
00007f81  bmi160_set_gyro_sleep_state                           
00007dc7  bmi160_set_gyro_sleep_trigger                         
0000805b  bmi160_set_gyro_wakeup_intr                           
00007ea1  bmi160_set_gyro_wakeup_trigger                        
00002aad  bmi160_set_i2c_device_addr                            
00007c15  bmi160_set_i2c_wdt_enable                             
00007b35  bmi160_set_i2c_wdt_select                             
00007cef  bmi160_set_if_mode                                    
0000428d  bmi160_set_input_enable                               
00004787  bmi160_set_intr_any_motion                            
00005e0b  bmi160_set_intr_any_motion_durn                       
00005f9f  bmi160_set_intr_any_motion_thres                      
000055b3  bmi160_set_intr_data_rdy                              
00004acb  bmi160_set_intr_double_tap                            
00003b7b  bmi160_set_intr_edge_ctrl                             
000030b9  bmi160_set_intr_enable_0                              
00003521  bmi160_set_intr_enable_1                              
000038c3  bmi160_set_intr_enable_2                              
00005297  bmi160_set_intr_fifo_full                             
00005423  bmi160_set_intr_fifo_wm                               
00004f7b  bmi160_set_intr_flat                                  
00006dd1  bmi160_set_intr_flat_hold                             
00006eaf  bmi160_set_intr_flat_hyst                             
00006cf7  bmi160_set_intr_flat_theta                            
000045fb  bmi160_set_intr_high_g                                
00005cff  bmi160_set_intr_high_g_durn                           
00005c39  bmi160_set_intr_high_g_hyst                           
00005d85  bmi160_set_intr_high_g_thres                          
00003d07  bmi160_set_intr_level                                 
00004413  bmi160_set_intr_low_g                                 
00005983  bmi160_set_intr_low_g_durn                            
[...]
0001781d  sensorTmp007Init                                      
00017827  sensorTmp007Enable                                    
00017891  sensorTmp007EnableInterruptConversion                 
000178db  sensorTmp007Read                                      
00017999  sensorTmp007Test                                      
00017a51  spi_Close                                             
00017a5d  spi_Open                                              
00017b4d  spi_Write                                             
00017ba7  spi_Read                                              
00017e31  __aeabi_dsub                                          
00017e3b  __aeabi_dadd                                          
00017fe9  LP3943_ColorSet                                       
00018019  LP3943_LedModeSet                                     
00018091  init_RGBLEDS                                          
000180f7  write_I2C                                             
000183a1  JoinGame                                              
0001841b  CreateGame                                            
000184dd  Joystick_Init_Without_Interrupt                       
0001853b  Joystick_Push_Button_Init_With_Interrupt              
00018591  Disable_Joystick_Interrupt                            
000185a7  GetJoystickCoordinates                                
00018765  __aeabi_ddiv                                          
0001889d  _SlNonOsSemSet                                        
000188b5  _SlNonOsSemGet                                        
00018911  _SlNonOsSpawn                                         
00018961  _SlNonOsMainLoopTask                                  
00018af1  sl_NetCfgSet                                          
00018b57  sl_NetCfgGet                                          
00018c01  ldexp                                                 
00018c01  ldexpl                                                
00018c01  scalbn                                                
00018c01  scalbnl                                               
00018d11  CS_getDCOFrequency                                    
00018e15  sensorOpt3001Init                                     
00018e21  sensorOpt3001Enable                                   
00018e4d  sensorOpt3001Read                                     
00018eb1  sensorOpt3001Test                                     
00018f13  __aeabi_dmul                                          
00019011  CS_initClockSignal                                    
00019331  PutChar                                               
000193d5  CS_startHFXTWithTimeout                               
0001950d  __aeabi_memcpy                                        
0001950d  __aeabi_memcpy4                                       
0001950d  __aeabi_memcpy8                                       
0001950d  memcpy                                                
000195a9  __aeabi_uldivmod                                      
00019641  UART_initModule                                       
000196d5  SPI_initMaster                                        
0001975d  __aeabi_cdcmpeq                                       
0001975d  __aeabi_cdcmple                                       
000197e3  __aeabi_cdrcmple                                      
00019869  ClockSys_SetMaxFreq                                   
000198d7  ClockSys_GetSysFreq                                   
000198ed  _SlDrvFlowContInit                                    
0001992b  _SlDrvFlowContDeinit                                  
0001996d  PCM_gotoLPM3                                          
000199e9  __aeabi_memclr                                        
000199e9  __aeabi_memclr4                                       
000199e9  __aeabi_memclr8                                       
000199eb  __aeabi_memset                                        
000199eb  __aeabi_memset4                                       
000199eb  __aeabi_memset8                                       
000199f1  memset                                                
00019b43  __aeabi_ldivmod                                       
00019bb1  __TI_decompress_lzss                                  
00019c19  Interrupt_disableInterrupt                            
00019c7d  Interrupt_enableInterrupt                             
00019ce1  frexp                                                 
00019ce1  frexpl                                                
00019d45  LCD_ReadData2                                         
00019dfb  ltoa                                                  
00019ea1  PCM_shutdownDevice                                    
00019ef1  SysCtl_getTLVInfo                                     
00019f45  G8RTOS_Start                                          
00019f65  PendSV_Handler                                        
00019f65  PendSV_Handler                                        
00019f8d  GPIO_setAsPeripheralModuleFunctionOutputPin           
0001a025  atoi                                                  
0001a071  snprintf                                              
0001a0bd  GPIO_setAsPeripheralModuleFunctionInputPin            
0001a14d  __aeabi_d2iz                                          
0001a195  __TI_auto_init_nobinit_nopinit                        
0001a1d9  GetASCIICode                                          
0001a219  LCD_WriteData                                         
0001a259  I2C_initMaster                                        
0001a2d5  LCD_Write_Data_Only                                   
0001a311  main                                                  
0001a34d  I2C_masterSendMultiByteStart                          
0001a385  BSP_InitBoard                                         
0001a3b9  LCD_WriteIndex                                        
0001a3ed  _c_int00_noargs                                       
0001a421  I2C_masterSendMultiByteStop                           
0001a4b1  __aeabi_i2d                                           
0001a4df  PCM_getCoreVoltageLevel                               
0001a50b  PCM_getPowerMode                                      
0001a535  FlashCtl_setWaitState                                 
0001a55d  PCM_gotoLPM0                                          
0001a585  SPISendRecvByte                                       
0001a5ad  DelayMs                                               
0001a5d5  CS_clearInterruptFlag                                 
0001a5f9  CS_setDCOCenteredFrequency                            
0001a61d  GPIO_setAsOutputPin                                   
0001a641  I2C_masterSendMultiByteNext                           
0001a665  Interrupt_setPriority                                 
0001a689  RTC_C_holdClock                                       
0001a6ad  UART_transmitData                                     
0001a6d1  LCD_SetCursor                                         
0001a6f1  SPI_transmitData                                      
0001a711  EUSCI_B_SPI_isBusy                                    
0001a72d  LCD_WriteReg                                          
0001a749  memccpy                                               
0001a765  SPI_enableModule                                      
0001a77f  SPI_receiveData                                       
0001a799  copysign                                              
0001a799  copysignl                                             
0001a7b5  CS_getMCLK                                            
0001a7cd  CS_getSMCLK                                           
0001a7e5  WDT_A_clearTimer                                      
0001a7fd  WDT_A_holdTimer                                       
0001a82d  __aeabi_lmul                                          
0001a845  strchr                                                
0001a85d  CS_setExternalClockSourceFrequency                    
0001a871  GPIO_setOutputHighOnPin                               
0001a885  I2C_isBusBusy                                         
0001a899  SysTick_enableInterrupt                               
0001a8ad  strlen                                                
0001a8c1  wcslen                                                
0001a8d3  I2C_masterReceiveStart                                
0001a8e3  Interrupt_enableMaster                                
0001a8f3  PCM_gotoLPM4                                          
0001a905  SysCtl_disableNMISource                               
0001a915  SysCtl_enableNMISource                                
0001a925  StartCriticalSection                                  
0001a92d  EndCriticalSection                                    
0001a933  I2C_clearInterruptFlag                                
0001a941  I2C_disableInterrupt                                  
0001a94f  __TI_decompress_none                                  
0001a95d  Reset_Handler                                         
0001a969  ADC14_IRQHandler                                      
0001a969  AES256_IRQHandler                                     
0001a969  BusFault_Handler                                      
0001a969  COMP_E0_IRQHandler                                    
0001a969  COMP_E1_IRQHandler                                    
0001a969  CS_IRQHandler                                         
0001a969  DMA_ERR_IRQHandler                                    
0001a969  DMA_INT0_IRQHandler                                   
0001a969  DMA_INT1_IRQHandler                                   
0001a969  DMA_INT2_IRQHandler                                   
0001a969  DMA_INT3_IRQHandler                                   
0001a969  DebugMon_Handler                                      
0001a969  Default_Handler                                       
0001a969  EUSCIA1_IRQHandler                                    
0001a969  EUSCIA2_IRQHandler                                    
0001a969  EUSCIA3_IRQHandler                                    
0001a969  EUSCIB0_IRQHandler                                    
0001a969  EUSCIB2_IRQHandler                                    
0001a969  EUSCIB3_IRQHandler                                    
0001a969  FLCTL_IRQHandler                                      
0001a969  FPU_IRQHandler                                        
0001a969  HardFault_Handler                                     
0001a969  MemManage_Handler                                     
0001a969  NMI_Handler                                           
0001a969  PCM_IRQHandler                                        
0001a969  PORT3_IRQHandler                                      
0001a969  PORT4_IRQHandler                                      
0001a969  PORT5_IRQHandler                                      
0001a969  PORT6_IRQHandler                                      
0001a969  PSS_IRQHandler                                        
0001a969  RTC_C_IRQHandler                                      
0001a969  SVC_Handler                                           
0001a969  T32_INT1_IRQHandler                                   
0001a969  T32_INT2_IRQHandler                                   
0001a969  T32_INTC_IRQHandler                                   
0001a969  TA0_0_IRQHandler                                      
0001a969  TA0_N_IRQHandler                                      
0001a969  TA1_0_IRQHandler                                      
0001a969  TA1_N_IRQHandler                                      
0001a969  TA2_0_IRQHandler                                      
0001a969  TA2_N_IRQHandler                                      
0001a969  TA3_0_IRQHandler                                      
0001a969  TA3_N_IRQHandler                                      
0001a969  UsageFault_Handler                                    
0001a969  WDT_A_IRQHandler                                      
0001a96b  CPU_cpsie                                             
0001a977  EUSCI_A_SPI_enable                                    
0001a983  EUSCI_B_SPI_enable                                    
0001a98f  I2C_disableModule                                     
0001a99b  I2C_enableModule                                      
0001a9a9  PCM_getPowerState                                     
0001a9b5  SysCtl_getNMISourceStatus                             
0001a9c1  UART_enableModule                                     
0001a9cd  __TI_zero_init                                        
0001a9d9  LCD_Write_Data_Start                                  
0001a9e3  I2C_enableInterrupt                                   
0001a9eb  PCM_setCoreVoltageLevel                               
0001a9f3  PCM_setPowerMode                                      
0001a9fb  PCM_setPowerState                                     
0001aa05  __aeabi_errno_addr                                    
0001aa0d  CS_startHFXT                                          
0001aa13  EUSCI_A_SPI_receiveData                               
0001aa19  EUSCI_B_SPI_receiveData                               
0001aa1f  I2C_getEnabledInterruptStatus                         
0001aa25  I2C_getInterruptStatus                                
0001aa2b  I2C_masterReceiveMultiByteNext                        
0001aa31  SysCtlDelay                                           
0001aa37  CPU_wfi                                               
0001aa3b  EUSCI_A_SPI_transmitData                              
0001aa3f  EUSCI_B_SPI_transmitData                              
0001aa43  I2C_setSlaveAddress                                   
0001aa47  _system_pre_init                                      
0001aa4b  C$$EXIT                                               
0001aa4b  abort                                                 
0001b040  _ctypes_                                              
0001b284  _SlActionLookupTable                                  
0001b30c  spiMasterConfig                                       
0001b354  g_H2NCnysPattern                                      
0001b35c  g_H2NSyncPattern                                      
0001b396  _SlAcceptCmdCtrl                                      
0001b39a  _SlDeviceGetCmdCtrl                                   
0001b39e  _SlDeviceSetCmdCtrl                                   
0001b3a2  _SlEventMaskGetCmdCtrl                                
0001b3a6  _SlEventMaskSetCmdCtrl                                
0001b3aa  _SlGetHostByNameCtrl                                  
0001b3ae  _SlGetHostByServiceCtrl                               
0001b3b2  _SlGetServiceListeCtrl                                
0001b3b6  _SlGetSockOptCmdCtrl                                  
0001b3ba  _SlListenCmdCtrl                                      
0001b3be  _SlNetAppGetCmdCtrl                                   
0001b3c2  _SlNetAppSendTokenValueCmdCtrl                        
0001b3c6  _SlNetAppSetCmdCtrl                                   
0001b3ca  _SlNetAppStartCtrl                                    
0001b3ce  _SlNetAppStopCtrl                                     
0001b3d2  _SlNetCfgGetCmdCtrl                                   
0001b3d6  _SlNetCfgSetCmdCtrl                                   
0001b3da  _SlPolicyGetCmdCtrl                                   
0001b3de  _SlPolicySetCmdCtrl                                   
0001b3e2  _SlProfileDelCmdCtrl                                  
0001b3e6  _SlProfileGetCmdCtrl                                  
0001b3ea  _SlRecvCmdCtrl                                        
0001b3ee  _SlRecvfomCmdCtrl                                     
0001b3f2  _SlRegisterServiceCtrl                                
0001b3f6  _SlRxFilterAddtCmdCtrl                                
0001b3fa  _SlRxFilterGetCmdCtrl                                 
0001b3fe  _SlRxFilterSetCmdCtrl                                 
0001b402  _SlSelectCmdCtrl                                      
0001b406  _SlSendCmdCtrl                                        
0001b40a  _SlSetSockOptCmdCtrl                                  
0001b40e  _SlSmartConfigStartCmdCtrl                            
0001b412  _SlSockCloseCmdCtrl                                   
0001b416  _SlSockSocketCmdCtrl                                  
0001b41a  _SlStopCmdCtrl                                        
0001b41e  _SlWlanCfgGetCmdCtrl                                  
0001b422  _SlWlanCfgSetCmdCtrl                                  
0001b426  _SlWlanGetNetworkListCtrl                             
0001b42a  _SlWlanSetModeCmdCtrl                                 
0001b478  __TI_Handler_Table_Base                               
0001b484  __TI_Handler_Table_Limit                              
0001b490  __TI_CINIT_Base                                       
0001b4a0  __TI_CINIT_Limit                                      
2000c420  accel_fifo                                            
2000c78c  gyro_fifo                                             
2000caf8  mag_fifo                                              
2000ce64  g_StatMem                                             
2000d1c8  bme280                                                
2000d204  g__SlNonOsCB                                          
2000d22c  s_bmi160                                              
2000d250  gamestate                                             
2000d25c  packet                                                
2000d268  packet_buffer                                         
2000d27e  accelxyz                                              
2000d284  gyroxyz                                               
2000d29c  ButtonFunction                                        
2000d2a0  CurrentlyRunningThread                                
2000d2a4  SystemTime                                            
2000d2a8  g_ui32ByteCount                                       
2000d2b4  pData                                                 
2000d2bb  IntIsMasked                                           
2000d2bc  ui8DummyRead                                          
2000d2bd  ui8Status                                             
2000d2c0  v_fifo_data_u8                                        
2000d6f0  g_Status                                              
2000d6f4  retVal                                                
2000d6f8  receivedAlready                                       
2000d6fc  transmitedAlready                                     
2000d700  SockIDRx                                              
2000d702  SockIDTx                                              
2000d704  i2cConfig                                             
2000d718  g_pCB                                                 
2000d71c  pPingCallBackFunc                                     
2000d720  gFirstCmdMode                                         
2000d721  burstMode                                             
2000d724  V_bmm150_maual_auto_condition_u8                      
2000d728  V_fifo_time_U32                                       
2000d72c  pIraEventHandler                                      
2000d730  errno                                                 
2000d734  SystemCoreClock                                       
2000fe00  __stack                                               
20010000  __STACK_END                                           
4000480c  WDTCTL_SYM                                            
ffffffff  __TI_pprof_out_hndl                                   
ffffffff  __TI_prof_data_size                                   
ffffffff  __TI_prof_data_start                                  
ffffffff  __binit__                                             
ffffffff  __c_args__                                            
ffffffff  binit                                                 
UNDEFED   __mpu_init                                            
UNDEFED   _system_post_cinit                                    

[864 symbols]
